Archive member included because of file (symbol)

c:/freescale/kds_v3/toolchain/bin/../lib/gcc/arm-none-eabi/4.8.4/armv6-m\libgcc.a(_udivsi3.o)
                              ./Project_Settings/Startup_Code/system_MKL25Z4.o (__aeabi_uidiv)
c:/freescale/kds_v3/toolchain/bin/../lib/gcc/arm-none-eabi/4.8.4/armv6-m\libgcc.a(_divsi3.o)
                              ./Sources/conversion.o (__aeabi_idiv)
c:/freescale/kds_v3/toolchain/bin/../lib/gcc/arm-none-eabi/4.8.4/armv6-m\libgcc.a(_dvmd_tls.o)
                              c:/freescale/kds_v3/toolchain/bin/../lib/gcc/arm-none-eabi/4.8.4/armv6-m\libgcc.a(_udivsi3.o) (__aeabi_idiv0)
c:/freescale/kds_v3/toolchain/bin/../lib/gcc/arm-none-eabi/4.8.4/armv6-m\libgcc.a(_fixunssfsi.o)
                              ./Sources/conversion.o (__aeabi_f2uiz)
c:/freescale/kds_v3/toolchain/bin/../lib/gcc/arm-none-eabi/4.8.4/armv6-m\libgcc.a(addsf3.o)
                              ./Sources/conversion.o (__aeabi_fadd)
c:/freescale/kds_v3/toolchain/bin/../lib/gcc/arm-none-eabi/4.8.4/armv6-m\libgcc.a(divsf3.o)
                              ./Sources/conversion.o (__aeabi_fdiv)
c:/freescale/kds_v3/toolchain/bin/../lib/gcc/arm-none-eabi/4.8.4/armv6-m\libgcc.a(mulsf3.o)
                              ./Sources/conversion.o (__aeabi_fmul)
c:/freescale/kds_v3/toolchain/bin/../lib/gcc/arm-none-eabi/4.8.4/armv6-m\libgcc.a(subsf3.o)
                              ./Sources/conversion.o (__aeabi_fsub)
c:/freescale/kds_v3/toolchain/bin/../lib/gcc/arm-none-eabi/4.8.4/armv6-m\libgcc.a(fixsfsi.o)
                              ./Sources/conversion.o (__aeabi_f2iz)
c:/freescale/kds_v3/toolchain/bin/../lib/gcc/arm-none-eabi/4.8.4/armv6-m\libgcc.a(floatsisf.o)
                              ./Sources/conversion.o (__aeabi_i2f)
c:/freescale/kds_v3/toolchain/bin/../lib/gcc/arm-none-eabi/4.8.4/armv6-m\libgcc.a(floatunsisf.o)
                              ./Sources/conversion.o (__aeabi_ui2f)
c:/freescale/kds_v3/toolchain/bin/../lib/gcc/arm-none-eabi/4.8.4/armv6-m\libgcc.a(_arm_cmpsf2.o)
                              c:/freescale/kds_v3/toolchain/bin/../lib/gcc/arm-none-eabi/4.8.4/armv6-m\libgcc.a(_fixunssfsi.o) (__aeabi_fcmpge)
c:/freescale/kds_v3/toolchain/bin/../lib/gcc/arm-none-eabi/4.8.4/armv6-m\libgcc.a(_clzsi2.o)
                              c:/freescale/kds_v3/toolchain/bin/../lib/gcc/arm-none-eabi/4.8.4/armv6-m\libgcc.a(addsf3.o) (__clzsi2)
c:/freescale/kds_v3/toolchain/bin/../lib/gcc/arm-none-eabi/4.8.4/armv6-m\libgcc.a(eqsf2.o)
                              c:/freescale/kds_v3/toolchain/bin/../lib/gcc/arm-none-eabi/4.8.4/armv6-m\libgcc.a(_arm_cmpsf2.o) (__eqsf2)
c:/freescale/kds_v3/toolchain/bin/../lib/gcc/arm-none-eabi/4.8.4/armv6-m\libgcc.a(gesf2.o)
                              c:/freescale/kds_v3/toolchain/bin/../lib/gcc/arm-none-eabi/4.8.4/armv6-m\libgcc.a(_arm_cmpsf2.o) (__gesf2)
c:/freescale/kds_v3/toolchain/bin/../lib/gcc/arm-none-eabi/4.8.4/armv6-m\libgcc.a(lesf2.o)
                              c:/freescale/kds_v3/toolchain/bin/../lib/gcc/arm-none-eabi/4.8.4/armv6-m\libgcc.a(_arm_cmpsf2.o) (__lesf2)
c:/freescale/kds_v3/toolchain/bin/../lib/gcc/arm-none-eabi/4.8.4/../../../../arm-none-eabi/lib/armv6-m\libg_s.a(lib_a-exit.o)
                              c:/freescale/kds_v3/toolchain/bin/../lib/gcc/arm-none-eabi/4.8.4/../../../../arm-none-eabi/lib/armv6-m/crt0.o (exit)
c:/freescale/kds_v3/toolchain/bin/../lib/gcc/arm-none-eabi/4.8.4/../../../../arm-none-eabi/lib/armv6-m\libg_s.a(lib_a-impure.o)
                              c:/freescale/kds_v3/toolchain/bin/../lib/gcc/arm-none-eabi/4.8.4/../../../../arm-none-eabi/lib/armv6-m\libg_s.a(lib_a-exit.o) (_global_impure_ptr)
c:/freescale/kds_v3/toolchain/bin/../lib/gcc/arm-none-eabi/4.8.4/../../../../arm-none-eabi/lib/armv6-m\libg_s.a(lib_a-init.o)
                              c:/freescale/kds_v3/toolchain/bin/../lib/gcc/arm-none-eabi/4.8.4/../../../../arm-none-eabi/lib/armv6-m/crt0.o (__libc_init_array)
c:/freescale/kds_v3/toolchain/bin/../lib/gcc/arm-none-eabi/4.8.4/../../../../arm-none-eabi/lib/armv6-m\libg_s.a(lib_a-malloc.o)
                              ./Sources/circbuff.o (malloc)
c:/freescale/kds_v3/toolchain/bin/../lib/gcc/arm-none-eabi/4.8.4/../../../../arm-none-eabi/lib/armv6-m\libg_s.a(lib_a-memset.o)
                              c:/freescale/kds_v3/toolchain/bin/../lib/gcc/arm-none-eabi/4.8.4/../../../../arm-none-eabi/lib/armv6-m/crt0.o (memset)
c:/freescale/kds_v3/toolchain/bin/../lib/gcc/arm-none-eabi/4.8.4/../../../../arm-none-eabi/lib/armv6-m\libg_s.a(lib_a-nano-freer.o)
                              c:/freescale/kds_v3/toolchain/bin/../lib/gcc/arm-none-eabi/4.8.4/../../../../arm-none-eabi/lib/armv6-m\libg_s.a(lib_a-malloc.o) (_free_r)
c:/freescale/kds_v3/toolchain/bin/../lib/gcc/arm-none-eabi/4.8.4/../../../../arm-none-eabi/lib/armv6-m\libg_s.a(lib_a-nano-mallocr.o)
                              c:/freescale/kds_v3/toolchain/bin/../lib/gcc/arm-none-eabi/4.8.4/../../../../arm-none-eabi/lib/armv6-m\libg_s.a(lib_a-malloc.o) (_malloc_r)
c:/freescale/kds_v3/toolchain/bin/../lib/gcc/arm-none-eabi/4.8.4/../../../../arm-none-eabi/lib/armv6-m\libg_s.a(lib_a-sbrkr.o)
                              c:/freescale/kds_v3/toolchain/bin/../lib/gcc/arm-none-eabi/4.8.4/../../../../arm-none-eabi/lib/armv6-m\libg_s.a(lib_a-nano-mallocr.o) (_sbrk_r)
c:/freescale/kds_v3/toolchain/bin/../lib/gcc/arm-none-eabi/4.8.4/../../../../arm-none-eabi/lib/armv6-m\libg_s.a(lib_a-reent.o)
                              c:/freescale/kds_v3/toolchain/bin/../lib/gcc/arm-none-eabi/4.8.4/../../../../arm-none-eabi/lib/armv6-m\libg_s.a(lib_a-sbrkr.o) (errno)
c:/freescale/kds_v3/toolchain/bin/../lib/gcc/arm-none-eabi/4.8.4/../../../../arm-none-eabi/lib/armv6-m\libnosys.a(sbrk.o)
                              c:/freescale/kds_v3/toolchain/bin/../lib/gcc/arm-none-eabi/4.8.4/../../../../arm-none-eabi/lib/armv6-m\libg_s.a(lib_a-sbrkr.o) (_sbrk)
c:/freescale/kds_v3/toolchain/bin/../lib/gcc/arm-none-eabi/4.8.4/../../../../arm-none-eabi/lib/armv6-m\libnosys.a(_exit.o)
                              c:/freescale/kds_v3/toolchain/bin/../lib/gcc/arm-none-eabi/4.8.4/../../../../arm-none-eabi/lib/armv6-m\libg_s.a(lib_a-exit.o) (_exit)

Allocating common symbols
Common symbol       size              file

rx_buff             0x14              ./Sources/LED.o
errno               0x4               c:/freescale/kds_v3/toolchain/bin/../lib/gcc/arm-none-eabi/4.8.4/../../../../arm-none-eabi/lib/armv6-m\libg_s.a(lib_a-reent.o)
tx_buff             0x14              ./Sources/LED.o
value               0x1               ./Sources/main.o

Discarded input sections

 .text          0x00000000        0x0 c:/freescale/kds_v3/toolchain/bin/../lib/gcc/arm-none-eabi/4.8.4/armv6-m/crti.o
 .data          0x00000000        0x0 c:/freescale/kds_v3/toolchain/bin/../lib/gcc/arm-none-eabi/4.8.4/armv6-m/crti.o
 .bss           0x00000000        0x0 c:/freescale/kds_v3/toolchain/bin/../lib/gcc/arm-none-eabi/4.8.4/armv6-m/crti.o
 .data          0x00000000        0x4 c:/freescale/kds_v3/toolchain/bin/../lib/gcc/arm-none-eabi/4.8.4/armv6-m/crtbegin.o
 .data          0x00000000        0x0 c:/freescale/kds_v3/toolchain/bin/../lib/gcc/arm-none-eabi/4.8.4/../../../../arm-none-eabi/lib/armv6-m/crt0.o
 .bss           0x00000000        0x0 c:/freescale/kds_v3/toolchain/bin/../lib/gcc/arm-none-eabi/4.8.4/../../../../arm-none-eabi/lib/armv6-m/crt0.o
 .ARM.extab     0x00000000        0x0 c:/freescale/kds_v3/toolchain/bin/../lib/gcc/arm-none-eabi/4.8.4/../../../../arm-none-eabi/lib/armv6-m/crt0.o
 .group         0x00000000        0x8 ./Sources/LED.o
 .group         0x00000000        0x8 ./Sources/LED.o
 .group         0x00000000        0x8 ./Sources/LED.o
 .group         0x00000000        0x8 ./Sources/LED.o
 .group         0x00000000        0x8 ./Sources/LED.o
 .group         0x00000000        0x8 ./Sources/LED.o
 .group         0x00000000        0x8 ./Sources/LED.o
 .group         0x00000000        0x8 ./Sources/LED.o
 .group         0x00000000        0x8 ./Sources/LED.o
 .group         0x00000000        0x8 ./Sources/LED.o
 .group         0x00000000        0x8 ./Sources/LED.o
 .text          0x00000000        0x0 ./Sources/LED.o
 .data          0x00000000        0x0 ./Sources/LED.o
 .bss           0x00000000        0x0 ./Sources/LED.o
 .text.led_gpio_init
                0x00000000       0x88 ./Sources/LED.o
 .group         0x00000000        0x8 ./Sources/LPTMR.o
 .group         0x00000000        0x8 ./Sources/LPTMR.o
 .group         0x00000000        0x8 ./Sources/LPTMR.o
 .group         0x00000000        0x8 ./Sources/LPTMR.o
 .group         0x00000000        0x8 ./Sources/LPTMR.o
 .group         0x00000000        0x8 ./Sources/LPTMR.o
 .group         0x00000000        0x8 ./Sources/LPTMR.o
 .group         0x00000000        0x8 ./Sources/LPTMR.o
 .group         0x00000000        0x8 ./Sources/LPTMR.o
 .group         0x00000000        0x8 ./Sources/LPTMR.o
 .group         0x00000000        0x8 ./Sources/LPTMR.o
 .group         0x00000000        0x8 ./Sources/LPTMR.o
 .group         0x00000000        0x8 ./Sources/LPTMR.o
 .group         0x00000000        0x8 ./Sources/LPTMR.o
 .group         0x00000000        0x8 ./Sources/LPTMR.o
 .group         0x00000000        0x8 ./Sources/LPTMR.o
 .group         0x00000000        0x8 ./Sources/LPTMR.o
 .group         0x00000000        0x8 ./Sources/LPTMR.o
 .group         0x00000000        0x8 ./Sources/LPTMR.o
 .group         0x00000000        0x8 ./Sources/LPTMR.o
 .group         0x00000000        0x8 ./Sources/LPTMR.o
 .group         0x00000000        0x8 ./Sources/LPTMR.o
 .group         0x00000000        0x8 ./Sources/LPTMR.o
 .group         0x00000000        0x8 ./Sources/LPTMR.o
 .group         0x00000000        0x8 ./Sources/LPTMR.o
 .group         0x00000000        0x8 ./Sources/LPTMR.o
 .group         0x00000000        0x8 ./Sources/LPTMR.o
 .group         0x00000000        0x8 ./Sources/LPTMR.o
 .group         0x00000000        0x8 ./Sources/LPTMR.o
 .group         0x00000000        0x8 ./Sources/LPTMR.o
 .text          0x00000000        0x0 ./Sources/LPTMR.o
 .data          0x00000000        0x0 ./Sources/LPTMR.o
 .bss           0x00000000        0x0 ./Sources/LPTMR.o
 .text.timer_init
                0x00000000       0x3c ./Sources/LPTMR.o
 .text.start_timer
                0x00000000       0x30 ./Sources/LPTMR.o
 .text.stop_timer
                0x00000000       0x20 ./Sources/LPTMR.o
 .debug_info    0x00000000      0x341 ./Sources/LPTMR.o
 .debug_abbrev  0x00000000      0x114 ./Sources/LPTMR.o
 .debug_aranges
                0x00000000       0x30 ./Sources/LPTMR.o
 .debug_ranges  0x00000000       0x20 ./Sources/LPTMR.o
 .debug_macro   0x00000000      0x180 ./Sources/LPTMR.o
 .debug_macro   0x00000000      0x802 ./Sources/LPTMR.o
 .debug_macro   0x00000000       0x16 ./Sources/LPTMR.o
 .debug_macro   0x00000000       0x16 ./Sources/LPTMR.o
 .debug_macro   0x00000000       0x44 ./Sources/LPTMR.o
 .debug_macro   0x00000000      0x209 ./Sources/LPTMR.o
 .debug_macro   0x00000000       0x3a ./Sources/LPTMR.o
 .debug_macro   0x00000000       0x3a ./Sources/LPTMR.o
 .debug_macro   0x00000000       0x26 ./Sources/LPTMR.o
 .debug_macro   0x00000000      0x306 ./Sources/LPTMR.o
 .debug_macro   0x00000000       0x63 ./Sources/LPTMR.o
 .debug_macro   0x00000000     0x839f ./Sources/LPTMR.o
 .debug_macro   0x00000000       0x58 ./Sources/LPTMR.o
 .debug_macro   0x00000000       0x35 ./Sources/LPTMR.o
 .debug_macro   0x00000000       0xa3 ./Sources/LPTMR.o
 .debug_macro   0x00000000       0x16 ./Sources/LPTMR.o
 .debug_macro   0x00000000       0x97 ./Sources/LPTMR.o
 .debug_macro   0x00000000       0x10 ./Sources/LPTMR.o
 .debug_macro   0x00000000       0xef ./Sources/LPTMR.o
 .debug_macro   0x00000000       0x52 ./Sources/LPTMR.o
 .debug_macro   0x00000000       0x16 ./Sources/LPTMR.o
 .debug_macro   0x00000000       0x43 ./Sources/LPTMR.o
 .debug_macro   0x00000000      0x180 ./Sources/LPTMR.o
 .debug_macro   0x00000000       0x10 ./Sources/LPTMR.o
 .debug_macro   0x00000000       0x22 ./Sources/LPTMR.o
 .debug_macro   0x00000000       0xbd ./Sources/LPTMR.o
 .debug_macro   0x00000000       0x16 ./Sources/LPTMR.o
 .debug_macro   0x00000000      0x14a ./Sources/LPTMR.o
 .debug_macro   0x00000000       0x16 ./Sources/LPTMR.o
 .debug_macro   0x00000000       0x35 ./Sources/LPTMR.o
 .debug_macro   0x00000000       0x22 ./Sources/LPTMR.o
 .debug_line    0x00000000      0x2b7 ./Sources/LPTMR.o
 .debug_str     0x00000000    0x33f10 ./Sources/LPTMR.o
 .comment       0x00000000       0x71 ./Sources/LPTMR.o
 .ARM.attributes
                0x00000000       0x32 ./Sources/LPTMR.o
 .debug_frame   0x00000000       0x68 ./Sources/LPTMR.o
 .group         0x00000000        0x8 ./Sources/UART.o
 .group         0x00000000        0x8 ./Sources/UART.o
 .group         0x00000000        0x8 ./Sources/UART.o
 .group         0x00000000        0x8 ./Sources/UART.o
 .group         0x00000000        0x8 ./Sources/UART.o
 .group         0x00000000        0x8 ./Sources/UART.o
 .group         0x00000000        0x8 ./Sources/UART.o
 .group         0x00000000        0x8 ./Sources/UART.o
 .group         0x00000000        0x8 ./Sources/UART.o
 .group         0x00000000        0x8 ./Sources/UART.o
 .group         0x00000000        0x8 ./Sources/UART.o
 .text          0x00000000        0x0 ./Sources/UART.o
 .data          0x00000000        0x0 ./Sources/UART.o
 .bss           0x00000000        0x0 ./Sources/UART.o
 .debug_macro   0x00000000      0x802 ./Sources/UART.o
 .debug_macro   0x00000000       0x16 ./Sources/UART.o
 .debug_macro   0x00000000       0x16 ./Sources/UART.o
 .debug_macro   0x00000000       0x44 ./Sources/UART.o
 .debug_macro   0x00000000      0x209 ./Sources/UART.o
 .debug_macro   0x00000000       0x3a ./Sources/UART.o
 .debug_macro   0x00000000       0x3a ./Sources/UART.o
 .debug_macro   0x00000000       0x26 ./Sources/UART.o
 .debug_macro   0x00000000      0x306 ./Sources/UART.o
 .debug_macro   0x00000000       0x63 ./Sources/UART.o
 .debug_macro   0x00000000     0x839f ./Sources/UART.o
 .group         0x00000000        0x8 ./Sources/circbuff.o
 .group         0x00000000        0x8 ./Sources/circbuff.o
 .group         0x00000000        0x8 ./Sources/circbuff.o
 .group         0x00000000        0x8 ./Sources/circbuff.o
 .group         0x00000000        0x8 ./Sources/circbuff.o
 .group         0x00000000        0x8 ./Sources/circbuff.o
 .group         0x00000000        0x8 ./Sources/circbuff.o
 .group         0x00000000        0x8 ./Sources/circbuff.o
 .group         0x00000000        0x8 ./Sources/circbuff.o
 .group         0x00000000        0x8 ./Sources/circbuff.o
 .group         0x00000000        0x8 ./Sources/circbuff.o
 .group         0x00000000        0x8 ./Sources/circbuff.o
 .group         0x00000000        0x8 ./Sources/circbuff.o
 .group         0x00000000        0x8 ./Sources/circbuff.o
 .group         0x00000000        0x8 ./Sources/circbuff.o
 .group         0x00000000        0x8 ./Sources/circbuff.o
 .group         0x00000000        0x8 ./Sources/circbuff.o
 .group         0x00000000        0x8 ./Sources/circbuff.o
 .group         0x00000000        0x8 ./Sources/circbuff.o
 .group         0x00000000        0x8 ./Sources/circbuff.o
 .group         0x00000000        0x8 ./Sources/circbuff.o
 .group         0x00000000        0x8 ./Sources/circbuff.o
 .group         0x00000000        0x8 ./Sources/circbuff.o
 .text          0x00000000        0x0 ./Sources/circbuff.o
 .data          0x00000000        0x0 ./Sources/circbuff.o
 .bss           0x00000000        0x0 ./Sources/circbuff.o
 .text.destroy  0x00000000       0x18 ./Sources/circbuff.o
 .debug_macro   0x00000000      0x802 ./Sources/circbuff.o
 .debug_macro   0x00000000       0x58 ./Sources/circbuff.o
 .debug_macro   0x00000000       0x16 ./Sources/circbuff.o
 .debug_macro   0x00000000       0x35 ./Sources/circbuff.o
 .debug_macro   0x00000000       0xa3 ./Sources/circbuff.o
 .debug_macro   0x00000000       0x16 ./Sources/circbuff.o
 .debug_macro   0x00000000       0x97 ./Sources/circbuff.o
 .debug_macro   0x00000000       0x10 ./Sources/circbuff.o
 .debug_macro   0x00000000       0xef ./Sources/circbuff.o
 .debug_macro   0x00000000       0x52 ./Sources/circbuff.o
 .debug_macro   0x00000000       0x16 ./Sources/circbuff.o
 .debug_macro   0x00000000       0x43 ./Sources/circbuff.o
 .debug_macro   0x00000000      0x180 ./Sources/circbuff.o
 .debug_macro   0x00000000       0x10 ./Sources/circbuff.o
 .debug_macro   0x00000000       0x22 ./Sources/circbuff.o
 .debug_macro   0x00000000       0xbd ./Sources/circbuff.o
 .debug_macro   0x00000000       0x16 ./Sources/circbuff.o
 .debug_macro   0x00000000      0x14a ./Sources/circbuff.o
 .debug_macro   0x00000000       0x16 ./Sources/circbuff.o
 .debug_macro   0x00000000       0x35 ./Sources/circbuff.o
 .debug_macro   0x00000000       0x22 ./Sources/circbuff.o
 .group         0x00000000        0x8 ./Sources/conversion.o
 .group         0x00000000        0x8 ./Sources/conversion.o
 .group         0x00000000        0x8 ./Sources/conversion.o
 .group         0x00000000        0x8 ./Sources/conversion.o
 .group         0x00000000        0x8 ./Sources/conversion.o
 .group         0x00000000        0x8 ./Sources/conversion.o
 .group         0x00000000        0x8 ./Sources/conversion.o
 .group         0x00000000        0x8 ./Sources/conversion.o
 .group         0x00000000        0x8 ./Sources/conversion.o
 .group         0x00000000        0x8 ./Sources/conversion.o
 .group         0x00000000        0x8 ./Sources/conversion.o
 .group         0x00000000        0x8 ./Sources/conversion.o
 .group         0x00000000        0x8 ./Sources/conversion.o
 .group         0x00000000        0x8 ./Sources/conversion.o
 .group         0x00000000        0x8 ./Sources/conversion.o
 .group         0x00000000        0x8 ./Sources/conversion.o
 .group         0x00000000        0x8 ./Sources/conversion.o
 .group         0x00000000        0x8 ./Sources/conversion.o
 .group         0x00000000        0x8 ./Sources/conversion.o
 .group         0x00000000        0x8 ./Sources/conversion.o
 .text          0x00000000        0x0 ./Sources/conversion.o
 .data          0x00000000        0x0 ./Sources/conversion.o
 .bss           0x00000000        0x0 ./Sources/conversion.o
 .text.my_itoa  0x00000000       0xb8 ./Sources/conversion.o
 .text.my_atoi  0x00000000       0x98 ./Sources/conversion.o
 .text.TransferFloatingToDecimal
                0x00000000      0x174 ./Sources/conversion.o
 .text.my_ftoa  0x00000000      0x148 ./Sources/conversion.o
 .debug_info    0x00000000      0x28f ./Sources/conversion.o
 .debug_abbrev  0x00000000       0xd1 ./Sources/conversion.o
 .debug_aranges
                0x00000000       0x38 ./Sources/conversion.o
 .debug_ranges  0x00000000       0x28 ./Sources/conversion.o
 .debug_macro   0x00000000      0x108 ./Sources/conversion.o
 .debug_macro   0x00000000      0x802 ./Sources/conversion.o
 .debug_macro   0x00000000       0x58 ./Sources/conversion.o
 .debug_macro   0x00000000       0x16 ./Sources/conversion.o
 .debug_macro   0x00000000       0x35 ./Sources/conversion.o
 .debug_macro   0x00000000       0xa3 ./Sources/conversion.o
 .debug_macro   0x00000000       0x16 ./Sources/conversion.o
 .debug_macro   0x00000000       0x97 ./Sources/conversion.o
 .debug_macro   0x00000000       0x10 ./Sources/conversion.o
 .debug_macro   0x00000000       0xef ./Sources/conversion.o
 .debug_macro   0x00000000       0x4a ./Sources/conversion.o
 .debug_macro   0x00000000       0x52 ./Sources/conversion.o
 .debug_macro   0x00000000       0x16 ./Sources/conversion.o
 .debug_macro   0x00000000       0x43 ./Sources/conversion.o
 .debug_macro   0x00000000      0x180 ./Sources/conversion.o
 .debug_macro   0x00000000       0x10 ./Sources/conversion.o
 .debug_macro   0x00000000       0x22 ./Sources/conversion.o
 .debug_macro   0x00000000       0xbd ./Sources/conversion.o
 .debug_macro   0x00000000       0x16 ./Sources/conversion.o
 .debug_macro   0x00000000      0x14a ./Sources/conversion.o
 .debug_macro   0x00000000      0x20f ./Sources/conversion.o
 .debug_line    0x00000000      0x314 ./Sources/conversion.o
 .debug_str     0x00000000     0x4e45 ./Sources/conversion.o
 .comment       0x00000000       0x71 ./Sources/conversion.o
 .ARM.attributes
                0x00000000       0x32 ./Sources/conversion.o
 .debug_frame   0x00000000       0x90 ./Sources/conversion.o
 .group         0x00000000        0x8 ./Sources/main.o
 .group         0x00000000        0x8 ./Sources/main.o
 .group         0x00000000        0x8 ./Sources/main.o
 .group         0x00000000        0x8 ./Sources/main.o
 .group         0x00000000        0x8 ./Sources/main.o
 .group         0x00000000        0x8 ./Sources/main.o
 .group         0x00000000        0x8 ./Sources/main.o
 .group         0x00000000        0x8 ./Sources/main.o
 .group         0x00000000        0x8 ./Sources/main.o
 .group         0x00000000        0x8 ./Sources/main.o
 .group         0x00000000        0x8 ./Sources/main.o
 .group         0x00000000        0x8 ./Sources/main.o
 .group         0x00000000        0x8 ./Sources/main.o
 .group         0x00000000        0x8 ./Sources/main.o
 .group         0x00000000        0x8 ./Sources/main.o
 .group         0x00000000        0x8 ./Sources/main.o
 .group         0x00000000        0x8 ./Sources/main.o
 .group         0x00000000        0x8 ./Sources/main.o
 .group         0x00000000        0x8 ./Sources/main.o
 .group         0x00000000        0x8 ./Sources/main.o
 .group         0x00000000        0x8 ./Sources/main.o
 .group         0x00000000        0x8 ./Sources/main.o
 .group         0x00000000        0x8 ./Sources/main.o
 .group         0x00000000        0x8 ./Sources/main.o
 .group         0x00000000        0x8 ./Sources/main.o
 .group         0x00000000        0x8 ./Sources/main.o
 .group         0x00000000        0x8 ./Sources/main.o
 .group         0x00000000        0x8 ./Sources/main.o
 .group         0x00000000        0x8 ./Sources/main.o
 .group         0x00000000        0x8 ./Sources/main.o
 .text          0x00000000        0x0 ./Sources/main.o
 .data          0x00000000        0x0 ./Sources/main.o
 .bss           0x00000000        0x0 ./Sources/main.o
 .data.string   0x00000000        0x8 ./Sources/main.o
 .debug_macro   0x00000000      0x802 ./Sources/main.o
 .debug_macro   0x00000000       0x16 ./Sources/main.o
 .debug_macro   0x00000000       0x16 ./Sources/main.o
 .debug_macro   0x00000000       0x44 ./Sources/main.o
 .debug_macro   0x00000000      0x209 ./Sources/main.o
 .debug_macro   0x00000000       0x3a ./Sources/main.o
 .debug_macro   0x00000000       0x3a ./Sources/main.o
 .debug_macro   0x00000000       0x26 ./Sources/main.o
 .debug_macro   0x00000000      0x306 ./Sources/main.o
 .debug_macro   0x00000000       0x63 ./Sources/main.o
 .debug_macro   0x00000000     0x839f ./Sources/main.o
 .debug_macro   0x00000000       0x58 ./Sources/main.o
 .debug_macro   0x00000000       0x35 ./Sources/main.o
 .debug_macro   0x00000000       0xa3 ./Sources/main.o
 .debug_macro   0x00000000       0x16 ./Sources/main.o
 .debug_macro   0x00000000       0x97 ./Sources/main.o
 .debug_macro   0x00000000       0x10 ./Sources/main.o
 .debug_macro   0x00000000       0xef ./Sources/main.o
 .debug_macro   0x00000000       0x52 ./Sources/main.o
 .debug_macro   0x00000000       0x16 ./Sources/main.o
 .debug_macro   0x00000000       0x43 ./Sources/main.o
 .debug_macro   0x00000000      0x180 ./Sources/main.o
 .debug_macro   0x00000000       0x10 ./Sources/main.o
 .debug_macro   0x00000000       0x22 ./Sources/main.o
 .debug_macro   0x00000000       0xbd ./Sources/main.o
 .debug_macro   0x00000000       0x16 ./Sources/main.o
 .debug_macro   0x00000000      0x14a ./Sources/main.o
 .debug_macro   0x00000000       0x16 ./Sources/main.o
 .debug_macro   0x00000000       0x35 ./Sources/main.o
 .debug_macro   0x00000000       0x22 ./Sources/main.o
 .group         0x00000000        0x8 ./Sources/test_buff.o
 .group         0x00000000        0x8 ./Sources/test_buff.o
 .group         0x00000000        0x8 ./Sources/test_buff.o
 .group         0x00000000        0x8 ./Sources/test_buff.o
 .group         0x00000000        0x8 ./Sources/test_buff.o
 .group         0x00000000        0x8 ./Sources/test_buff.o
 .group         0x00000000        0x8 ./Sources/test_buff.o
 .group         0x00000000        0x8 ./Sources/test_buff.o
 .group         0x00000000        0x8 ./Sources/test_buff.o
 .group         0x00000000        0x8 ./Sources/test_buff.o
 .group         0x00000000        0x8 ./Sources/test_buff.o
 .group         0x00000000        0x8 ./Sources/test_buff.o
 .group         0x00000000        0x8 ./Sources/test_buff.o
 .group         0x00000000        0x8 ./Sources/test_buff.o
 .group         0x00000000        0x8 ./Sources/test_buff.o
 .group         0x00000000        0x8 ./Sources/test_buff.o
 .group         0x00000000        0x8 ./Sources/test_buff.o
 .group         0x00000000        0x8 ./Sources/test_buff.o
 .group         0x00000000        0x8 ./Sources/test_buff.o
 .group         0x00000000        0x8 ./Sources/test_buff.o
 .group         0x00000000        0x8 ./Sources/test_buff.o
 .group         0x00000000        0x8 ./Sources/test_buff.o
 .group         0x00000000        0x8 ./Sources/test_buff.o
 .group         0x00000000        0x8 ./Sources/test_buff.o
 .group         0x00000000        0x8 ./Sources/test_buff.o
 .group         0x00000000        0x8 ./Sources/test_buff.o
 .group         0x00000000        0x8 ./Sources/test_buff.o
 .group         0x00000000        0x8 ./Sources/test_buff.o
 .group         0x00000000        0x8 ./Sources/test_buff.o
 .text          0x00000000        0x0 ./Sources/test_buff.o
 .data          0x00000000        0x0 ./Sources/test_buff.o
 .bss           0x00000000        0x0 ./Sources/test_buff.o
 .debug_macro   0x00000000      0x802 ./Sources/test_buff.o
 .debug_macro   0x00000000       0x58 ./Sources/test_buff.o
 .debug_macro   0x00000000       0x16 ./Sources/test_buff.o
 .debug_macro   0x00000000       0x35 ./Sources/test_buff.o
 .debug_macro   0x00000000       0xa3 ./Sources/test_buff.o
 .debug_macro   0x00000000       0x16 ./Sources/test_buff.o
 .debug_macro   0x00000000       0x97 ./Sources/test_buff.o
 .debug_macro   0x00000000       0x10 ./Sources/test_buff.o
 .debug_macro   0x00000000       0xef ./Sources/test_buff.o
 .debug_macro   0x00000000       0x4a ./Sources/test_buff.o
 .debug_macro   0x00000000       0x52 ./Sources/test_buff.o
 .debug_macro   0x00000000       0x16 ./Sources/test_buff.o
 .debug_macro   0x00000000       0x43 ./Sources/test_buff.o
 .debug_macro   0x00000000      0x180 ./Sources/test_buff.o
 .debug_macro   0x00000000       0x10 ./Sources/test_buff.o
 .debug_macro   0x00000000       0x22 ./Sources/test_buff.o
 .debug_macro   0x00000000       0xbd ./Sources/test_buff.o
 .debug_macro   0x00000000       0x16 ./Sources/test_buff.o
 .debug_macro   0x00000000      0x14a ./Sources/test_buff.o
 .debug_macro   0x00000000       0x16 ./Sources/test_buff.o
 .debug_macro   0x00000000       0x35 ./Sources/test_buff.o
 .debug_macro   0x00000000       0x22 ./Sources/test_buff.o
 .debug_macro   0x00000000      0x20f ./Sources/test_buff.o
 .debug_macro   0x00000000       0x3a ./Sources/test_buff.o
 .debug_macro   0x00000000       0x26 ./Sources/test_buff.o
 .debug_macro   0x00000000      0x306 ./Sources/test_buff.o
 .debug_macro   0x00000000       0x63 ./Sources/test_buff.o
 .debug_macro   0x00000000     0x839f ./Sources/test_buff.o
 .data          0x00000000        0x0 ./Project_Settings/Startup_Code/startup_MKL25Z4.o
 .bss           0x00000000        0x0 ./Project_Settings/Startup_Code/startup_MKL25Z4.o
 .group         0x00000000        0x8 ./Project_Settings/Startup_Code/system_MKL25Z4.o
 .group         0x00000000        0x8 ./Project_Settings/Startup_Code/system_MKL25Z4.o
 .group         0x00000000        0x8 ./Project_Settings/Startup_Code/system_MKL25Z4.o
 .group         0x00000000        0x8 ./Project_Settings/Startup_Code/system_MKL25Z4.o
 .group         0x00000000        0x8 ./Project_Settings/Startup_Code/system_MKL25Z4.o
 .group         0x00000000        0x8 ./Project_Settings/Startup_Code/system_MKL25Z4.o
 .group         0x00000000        0x8 ./Project_Settings/Startup_Code/system_MKL25Z4.o
 .group         0x00000000        0x8 ./Project_Settings/Startup_Code/system_MKL25Z4.o
 .group         0x00000000        0x8 ./Project_Settings/Startup_Code/system_MKL25Z4.o
 .group         0x00000000        0x8 ./Project_Settings/Startup_Code/system_MKL25Z4.o
 .text          0x00000000        0x0 ./Project_Settings/Startup_Code/system_MKL25Z4.o
 .data          0x00000000        0x0 ./Project_Settings/Startup_Code/system_MKL25Z4.o
 .bss           0x00000000        0x0 ./Project_Settings/Startup_Code/system_MKL25Z4.o
 .data.SystemCoreClock
                0x00000000        0x4 ./Project_Settings/Startup_Code/system_MKL25Z4.o
 .text.SystemCoreClockUpdate
                0x00000000      0x23c ./Project_Settings/Startup_Code/system_MKL25Z4.o
 .debug_macro   0x00000000      0x802 ./Project_Settings/Startup_Code/system_MKL25Z4.o
 .debug_macro   0x00000000       0x16 ./Project_Settings/Startup_Code/system_MKL25Z4.o
 .debug_macro   0x00000000       0x44 ./Project_Settings/Startup_Code/system_MKL25Z4.o
 .debug_macro   0x00000000      0x209 ./Project_Settings/Startup_Code/system_MKL25Z4.o
 .debug_macro   0x00000000       0x4c ./Project_Settings/Startup_Code/system_MKL25Z4.o
 .debug_macro   0x00000000       0x3a ./Project_Settings/Startup_Code/system_MKL25Z4.o
 .debug_macro   0x00000000       0x26 ./Project_Settings/Startup_Code/system_MKL25Z4.o
 .debug_macro   0x00000000      0x306 ./Project_Settings/Startup_Code/system_MKL25Z4.o
 .debug_macro   0x00000000       0x63 ./Project_Settings/Startup_Code/system_MKL25Z4.o
 .debug_macro   0x00000000     0x839f ./Project_Settings/Startup_Code/system_MKL25Z4.o
 .text          0x00000000       0x9c c:/freescale/kds_v3/toolchain/bin/../lib/gcc/arm-none-eabi/4.8.4/armv6-m\libgcc.a(_udivsi3.o)
 .data          0x00000000        0x0 c:/freescale/kds_v3/toolchain/bin/../lib/gcc/arm-none-eabi/4.8.4/armv6-m\libgcc.a(_udivsi3.o)
 .bss           0x00000000        0x0 c:/freescale/kds_v3/toolchain/bin/../lib/gcc/arm-none-eabi/4.8.4/armv6-m\libgcc.a(_udivsi3.o)
 .debug_frame   0x00000000       0x20 c:/freescale/kds_v3/toolchain/bin/../lib/gcc/arm-none-eabi/4.8.4/armv6-m\libgcc.a(_udivsi3.o)
 .ARM.attributes
                0x00000000       0x1e c:/freescale/kds_v3/toolchain/bin/../lib/gcc/arm-none-eabi/4.8.4/armv6-m\libgcc.a(_udivsi3.o)
 .text          0x00000000       0xc0 c:/freescale/kds_v3/toolchain/bin/../lib/gcc/arm-none-eabi/4.8.4/armv6-m\libgcc.a(_divsi3.o)
 .data          0x00000000        0x0 c:/freescale/kds_v3/toolchain/bin/../lib/gcc/arm-none-eabi/4.8.4/armv6-m\libgcc.a(_divsi3.o)
 .bss           0x00000000        0x0 c:/freescale/kds_v3/toolchain/bin/../lib/gcc/arm-none-eabi/4.8.4/armv6-m\libgcc.a(_divsi3.o)
 .debug_frame   0x00000000       0x20 c:/freescale/kds_v3/toolchain/bin/../lib/gcc/arm-none-eabi/4.8.4/armv6-m\libgcc.a(_divsi3.o)
 .ARM.attributes
                0x00000000       0x1e c:/freescale/kds_v3/toolchain/bin/../lib/gcc/arm-none-eabi/4.8.4/armv6-m\libgcc.a(_divsi3.o)
 .text          0x00000000        0x4 c:/freescale/kds_v3/toolchain/bin/../lib/gcc/arm-none-eabi/4.8.4/armv6-m\libgcc.a(_dvmd_tls.o)
 .data          0x00000000        0x0 c:/freescale/kds_v3/toolchain/bin/../lib/gcc/arm-none-eabi/4.8.4/armv6-m\libgcc.a(_dvmd_tls.o)
 .bss           0x00000000        0x0 c:/freescale/kds_v3/toolchain/bin/../lib/gcc/arm-none-eabi/4.8.4/armv6-m\libgcc.a(_dvmd_tls.o)
 .ARM.attributes
                0x00000000       0x1e c:/freescale/kds_v3/toolchain/bin/../lib/gcc/arm-none-eabi/4.8.4/armv6-m\libgcc.a(_dvmd_tls.o)
 .text          0x00000000       0x30 c:/freescale/kds_v3/toolchain/bin/../lib/gcc/arm-none-eabi/4.8.4/armv6-m\libgcc.a(_fixunssfsi.o)
 .data          0x00000000        0x0 c:/freescale/kds_v3/toolchain/bin/../lib/gcc/arm-none-eabi/4.8.4/armv6-m\libgcc.a(_fixunssfsi.o)
 .bss           0x00000000        0x0 c:/freescale/kds_v3/toolchain/bin/../lib/gcc/arm-none-eabi/4.8.4/armv6-m\libgcc.a(_fixunssfsi.o)
 .ARM.attributes
                0x00000000       0x2c c:/freescale/kds_v3/toolchain/bin/../lib/gcc/arm-none-eabi/4.8.4/armv6-m\libgcc.a(_fixunssfsi.o)
 .debug_frame   0x00000000       0x28 c:/freescale/kds_v3/toolchain/bin/../lib/gcc/arm-none-eabi/4.8.4/armv6-m\libgcc.a(_fixunssfsi.o)
 .text          0x00000000      0x2d8 c:/freescale/kds_v3/toolchain/bin/../lib/gcc/arm-none-eabi/4.8.4/armv6-m\libgcc.a(addsf3.o)
 .data          0x00000000        0x0 c:/freescale/kds_v3/toolchain/bin/../lib/gcc/arm-none-eabi/4.8.4/armv6-m\libgcc.a(addsf3.o)
 .bss           0x00000000        0x0 c:/freescale/kds_v3/toolchain/bin/../lib/gcc/arm-none-eabi/4.8.4/armv6-m\libgcc.a(addsf3.o)
 .ARM.attributes
                0x00000000       0x2c c:/freescale/kds_v3/toolchain/bin/../lib/gcc/arm-none-eabi/4.8.4/armv6-m\libgcc.a(addsf3.o)
 .debug_frame   0x00000000       0x30 c:/freescale/kds_v3/toolchain/bin/../lib/gcc/arm-none-eabi/4.8.4/armv6-m\libgcc.a(addsf3.o)
 .text          0x00000000      0x24c c:/freescale/kds_v3/toolchain/bin/../lib/gcc/arm-none-eabi/4.8.4/armv6-m\libgcc.a(divsf3.o)
 .data          0x00000000        0x0 c:/freescale/kds_v3/toolchain/bin/../lib/gcc/arm-none-eabi/4.8.4/armv6-m\libgcc.a(divsf3.o)
 .bss           0x00000000        0x0 c:/freescale/kds_v3/toolchain/bin/../lib/gcc/arm-none-eabi/4.8.4/armv6-m\libgcc.a(divsf3.o)
 .rodata        0x00000000       0x40 c:/freescale/kds_v3/toolchain/bin/../lib/gcc/arm-none-eabi/4.8.4/armv6-m\libgcc.a(divsf3.o)
 .ARM.attributes
                0x00000000       0x2c c:/freescale/kds_v3/toolchain/bin/../lib/gcc/arm-none-eabi/4.8.4/armv6-m\libgcc.a(divsf3.o)
 .debug_frame   0x00000000       0x3c c:/freescale/kds_v3/toolchain/bin/../lib/gcc/arm-none-eabi/4.8.4/armv6-m\libgcc.a(divsf3.o)
 .text          0x00000000      0x254 c:/freescale/kds_v3/toolchain/bin/../lib/gcc/arm-none-eabi/4.8.4/armv6-m\libgcc.a(mulsf3.o)
 .data          0x00000000        0x0 c:/freescale/kds_v3/toolchain/bin/../lib/gcc/arm-none-eabi/4.8.4/armv6-m\libgcc.a(mulsf3.o)
 .bss           0x00000000        0x0 c:/freescale/kds_v3/toolchain/bin/../lib/gcc/arm-none-eabi/4.8.4/armv6-m\libgcc.a(mulsf3.o)
 .rodata        0x00000000       0x40 c:/freescale/kds_v3/toolchain/bin/../lib/gcc/arm-none-eabi/4.8.4/armv6-m\libgcc.a(mulsf3.o)
 .ARM.attributes
                0x00000000       0x2c c:/freescale/kds_v3/toolchain/bin/../lib/gcc/arm-none-eabi/4.8.4/armv6-m\libgcc.a(mulsf3.o)
 .debug_frame   0x00000000       0x3c c:/freescale/kds_v3/toolchain/bin/../lib/gcc/arm-none-eabi/4.8.4/armv6-m\libgcc.a(mulsf3.o)
 .text          0x00000000      0x2ec c:/freescale/kds_v3/toolchain/bin/../lib/gcc/arm-none-eabi/4.8.4/armv6-m\libgcc.a(subsf3.o)
 .data          0x00000000        0x0 c:/freescale/kds_v3/toolchain/bin/../lib/gcc/arm-none-eabi/4.8.4/armv6-m\libgcc.a(subsf3.o)
 .bss           0x00000000        0x0 c:/freescale/kds_v3/toolchain/bin/../lib/gcc/arm-none-eabi/4.8.4/armv6-m\libgcc.a(subsf3.o)
 .ARM.attributes
                0x00000000       0x2c c:/freescale/kds_v3/toolchain/bin/../lib/gcc/arm-none-eabi/4.8.4/armv6-m\libgcc.a(subsf3.o)
 .debug_frame   0x00000000       0x30 c:/freescale/kds_v3/toolchain/bin/../lib/gcc/arm-none-eabi/4.8.4/armv6-m\libgcc.a(subsf3.o)
 .text          0x00000000       0x40 c:/freescale/kds_v3/toolchain/bin/../lib/gcc/arm-none-eabi/4.8.4/armv6-m\libgcc.a(fixsfsi.o)
 .data          0x00000000        0x0 c:/freescale/kds_v3/toolchain/bin/../lib/gcc/arm-none-eabi/4.8.4/armv6-m\libgcc.a(fixsfsi.o)
 .bss           0x00000000        0x0 c:/freescale/kds_v3/toolchain/bin/../lib/gcc/arm-none-eabi/4.8.4/armv6-m\libgcc.a(fixsfsi.o)
 .ARM.attributes
                0x00000000       0x2c c:/freescale/kds_v3/toolchain/bin/../lib/gcc/arm-none-eabi/4.8.4/armv6-m\libgcc.a(fixsfsi.o)
 .debug_frame   0x00000000       0x20 c:/freescale/kds_v3/toolchain/bin/../lib/gcc/arm-none-eabi/4.8.4/armv6-m\libgcc.a(fixsfsi.o)
 .text          0x00000000       0xb8 c:/freescale/kds_v3/toolchain/bin/../lib/gcc/arm-none-eabi/4.8.4/armv6-m\libgcc.a(floatsisf.o)
 .data          0x00000000        0x0 c:/freescale/kds_v3/toolchain/bin/../lib/gcc/arm-none-eabi/4.8.4/armv6-m\libgcc.a(floatsisf.o)
 .bss           0x00000000        0x0 c:/freescale/kds_v3/toolchain/bin/../lib/gcc/arm-none-eabi/4.8.4/armv6-m\libgcc.a(floatsisf.o)
 .ARM.attributes
                0x00000000       0x2c c:/freescale/kds_v3/toolchain/bin/../lib/gcc/arm-none-eabi/4.8.4/armv6-m\libgcc.a(floatsisf.o)
 .debug_frame   0x00000000       0x2c c:/freescale/kds_v3/toolchain/bin/../lib/gcc/arm-none-eabi/4.8.4/armv6-m\libgcc.a(floatsisf.o)
 .text          0x00000000       0xa0 c:/freescale/kds_v3/toolchain/bin/../lib/gcc/arm-none-eabi/4.8.4/armv6-m\libgcc.a(floatunsisf.o)
 .data          0x00000000        0x0 c:/freescale/kds_v3/toolchain/bin/../lib/gcc/arm-none-eabi/4.8.4/armv6-m\libgcc.a(floatunsisf.o)
 .bss           0x00000000        0x0 c:/freescale/kds_v3/toolchain/bin/../lib/gcc/arm-none-eabi/4.8.4/armv6-m\libgcc.a(floatunsisf.o)
 .ARM.attributes
                0x00000000       0x2c c:/freescale/kds_v3/toolchain/bin/../lib/gcc/arm-none-eabi/4.8.4/armv6-m\libgcc.a(floatunsisf.o)
 .debug_frame   0x00000000       0x28 c:/freescale/kds_v3/toolchain/bin/../lib/gcc/arm-none-eabi/4.8.4/armv6-m\libgcc.a(floatunsisf.o)
 .text          0x00000000       0x74 c:/freescale/kds_v3/toolchain/bin/../lib/gcc/arm-none-eabi/4.8.4/armv6-m\libgcc.a(_arm_cmpsf2.o)
 .data          0x00000000        0x0 c:/freescale/kds_v3/toolchain/bin/../lib/gcc/arm-none-eabi/4.8.4/armv6-m\libgcc.a(_arm_cmpsf2.o)
 .bss           0x00000000        0x0 c:/freescale/kds_v3/toolchain/bin/../lib/gcc/arm-none-eabi/4.8.4/armv6-m\libgcc.a(_arm_cmpsf2.o)
 .ARM.attributes
                0x00000000       0x1e c:/freescale/kds_v3/toolchain/bin/../lib/gcc/arm-none-eabi/4.8.4/armv6-m\libgcc.a(_arm_cmpsf2.o)
 .text          0x00000000       0x3c c:/freescale/kds_v3/toolchain/bin/../lib/gcc/arm-none-eabi/4.8.4/armv6-m\libgcc.a(_clzsi2.o)
 .data          0x00000000        0x0 c:/freescale/kds_v3/toolchain/bin/../lib/gcc/arm-none-eabi/4.8.4/armv6-m\libgcc.a(_clzsi2.o)
 .bss           0x00000000        0x0 c:/freescale/kds_v3/toolchain/bin/../lib/gcc/arm-none-eabi/4.8.4/armv6-m\libgcc.a(_clzsi2.o)
 .ARM.attributes
                0x00000000       0x1e c:/freescale/kds_v3/toolchain/bin/../lib/gcc/arm-none-eabi/4.8.4/armv6-m\libgcc.a(_clzsi2.o)
 .text          0x00000000       0x54 c:/freescale/kds_v3/toolchain/bin/../lib/gcc/arm-none-eabi/4.8.4/armv6-m\libgcc.a(eqsf2.o)
 .data          0x00000000        0x0 c:/freescale/kds_v3/toolchain/bin/../lib/gcc/arm-none-eabi/4.8.4/armv6-m\libgcc.a(eqsf2.o)
 .bss           0x00000000        0x0 c:/freescale/kds_v3/toolchain/bin/../lib/gcc/arm-none-eabi/4.8.4/armv6-m\libgcc.a(eqsf2.o)
 .ARM.attributes
                0x00000000       0x2c c:/freescale/kds_v3/toolchain/bin/../lib/gcc/arm-none-eabi/4.8.4/armv6-m\libgcc.a(eqsf2.o)
 .debug_frame   0x00000000       0x2c c:/freescale/kds_v3/toolchain/bin/../lib/gcc/arm-none-eabi/4.8.4/armv6-m\libgcc.a(eqsf2.o)
 .text          0x00000000       0x90 c:/freescale/kds_v3/toolchain/bin/../lib/gcc/arm-none-eabi/4.8.4/armv6-m\libgcc.a(gesf2.o)
 .data          0x00000000        0x0 c:/freescale/kds_v3/toolchain/bin/../lib/gcc/arm-none-eabi/4.8.4/armv6-m\libgcc.a(gesf2.o)
 .bss           0x00000000        0x0 c:/freescale/kds_v3/toolchain/bin/../lib/gcc/arm-none-eabi/4.8.4/armv6-m\libgcc.a(gesf2.o)
 .ARM.attributes
                0x00000000       0x2c c:/freescale/kds_v3/toolchain/bin/../lib/gcc/arm-none-eabi/4.8.4/armv6-m\libgcc.a(gesf2.o)
 .debug_frame   0x00000000       0x30 c:/freescale/kds_v3/toolchain/bin/../lib/gcc/arm-none-eabi/4.8.4/armv6-m\libgcc.a(gesf2.o)
 .text          0x00000000       0x98 c:/freescale/kds_v3/toolchain/bin/../lib/gcc/arm-none-eabi/4.8.4/armv6-m\libgcc.a(lesf2.o)
 .data          0x00000000        0x0 c:/freescale/kds_v3/toolchain/bin/../lib/gcc/arm-none-eabi/4.8.4/armv6-m\libgcc.a(lesf2.o)
 .bss           0x00000000        0x0 c:/freescale/kds_v3/toolchain/bin/../lib/gcc/arm-none-eabi/4.8.4/armv6-m\libgcc.a(lesf2.o)
 .ARM.attributes
                0x00000000       0x2c c:/freescale/kds_v3/toolchain/bin/../lib/gcc/arm-none-eabi/4.8.4/armv6-m\libgcc.a(lesf2.o)
 .debug_frame   0x00000000       0x30 c:/freescale/kds_v3/toolchain/bin/../lib/gcc/arm-none-eabi/4.8.4/armv6-m\libgcc.a(lesf2.o)
 .text          0x00000000        0x0 c:/freescale/kds_v3/toolchain/bin/../lib/gcc/arm-none-eabi/4.8.4/../../../../arm-none-eabi/lib/armv6-m\libg_s.a(lib_a-exit.o)
 .data          0x00000000        0x0 c:/freescale/kds_v3/toolchain/bin/../lib/gcc/arm-none-eabi/4.8.4/../../../../arm-none-eabi/lib/armv6-m\libg_s.a(lib_a-exit.o)
 .bss           0x00000000        0x0 c:/freescale/kds_v3/toolchain/bin/../lib/gcc/arm-none-eabi/4.8.4/../../../../arm-none-eabi/lib/armv6-m\libg_s.a(lib_a-exit.o)
 .text          0x00000000        0x0 c:/freescale/kds_v3/toolchain/bin/../lib/gcc/arm-none-eabi/4.8.4/../../../../arm-none-eabi/lib/armv6-m\libg_s.a(lib_a-impure.o)
 .data          0x00000000        0x0 c:/freescale/kds_v3/toolchain/bin/../lib/gcc/arm-none-eabi/4.8.4/../../../../arm-none-eabi/lib/armv6-m\libg_s.a(lib_a-impure.o)
 .bss           0x00000000        0x0 c:/freescale/kds_v3/toolchain/bin/../lib/gcc/arm-none-eabi/4.8.4/../../../../arm-none-eabi/lib/armv6-m\libg_s.a(lib_a-impure.o)
 .text          0x00000000        0x0 c:/freescale/kds_v3/toolchain/bin/../lib/gcc/arm-none-eabi/4.8.4/../../../../arm-none-eabi/lib/armv6-m\libg_s.a(lib_a-init.o)
 .data          0x00000000        0x0 c:/freescale/kds_v3/toolchain/bin/../lib/gcc/arm-none-eabi/4.8.4/../../../../arm-none-eabi/lib/armv6-m\libg_s.a(lib_a-init.o)
 .bss           0x00000000        0x0 c:/freescale/kds_v3/toolchain/bin/../lib/gcc/arm-none-eabi/4.8.4/../../../../arm-none-eabi/lib/armv6-m\libg_s.a(lib_a-init.o)
 .text          0x00000000        0x0 c:/freescale/kds_v3/toolchain/bin/../lib/gcc/arm-none-eabi/4.8.4/../../../../arm-none-eabi/lib/armv6-m\libg_s.a(lib_a-malloc.o)
 .data          0x00000000        0x0 c:/freescale/kds_v3/toolchain/bin/../lib/gcc/arm-none-eabi/4.8.4/../../../../arm-none-eabi/lib/armv6-m\libg_s.a(lib_a-malloc.o)
 .bss           0x00000000        0x0 c:/freescale/kds_v3/toolchain/bin/../lib/gcc/arm-none-eabi/4.8.4/../../../../arm-none-eabi/lib/armv6-m\libg_s.a(lib_a-malloc.o)
 .text.free     0x00000000       0x14 c:/freescale/kds_v3/toolchain/bin/../lib/gcc/arm-none-eabi/4.8.4/../../../../arm-none-eabi/lib/armv6-m\libg_s.a(lib_a-malloc.o)
 .text          0x00000000        0x0 c:/freescale/kds_v3/toolchain/bin/../lib/gcc/arm-none-eabi/4.8.4/../../../../arm-none-eabi/lib/armv6-m\libg_s.a(lib_a-memset.o)
 .data          0x00000000        0x0 c:/freescale/kds_v3/toolchain/bin/../lib/gcc/arm-none-eabi/4.8.4/../../../../arm-none-eabi/lib/armv6-m\libg_s.a(lib_a-memset.o)
 .bss           0x00000000        0x0 c:/freescale/kds_v3/toolchain/bin/../lib/gcc/arm-none-eabi/4.8.4/../../../../arm-none-eabi/lib/armv6-m\libg_s.a(lib_a-memset.o)
 .text          0x00000000        0x0 c:/freescale/kds_v3/toolchain/bin/../lib/gcc/arm-none-eabi/4.8.4/../../../../arm-none-eabi/lib/armv6-m\libg_s.a(lib_a-nano-freer.o)
 .data          0x00000000        0x0 c:/freescale/kds_v3/toolchain/bin/../lib/gcc/arm-none-eabi/4.8.4/../../../../arm-none-eabi/lib/armv6-m\libg_s.a(lib_a-nano-freer.o)
 .bss           0x00000000        0x0 c:/freescale/kds_v3/toolchain/bin/../lib/gcc/arm-none-eabi/4.8.4/../../../../arm-none-eabi/lib/armv6-m\libg_s.a(lib_a-nano-freer.o)
 .text._free_r  0x00000000       0x90 c:/freescale/kds_v3/toolchain/bin/../lib/gcc/arm-none-eabi/4.8.4/../../../../arm-none-eabi/lib/armv6-m\libg_s.a(lib_a-nano-freer.o)
 .ARM.attributes
                0x00000000       0x2c c:/freescale/kds_v3/toolchain/bin/../lib/gcc/arm-none-eabi/4.8.4/../../../../arm-none-eabi/lib/armv6-m\libg_s.a(lib_a-nano-freer.o)
 .debug_frame   0x00000000       0x2c c:/freescale/kds_v3/toolchain/bin/../lib/gcc/arm-none-eabi/4.8.4/../../../../arm-none-eabi/lib/armv6-m\libg_s.a(lib_a-nano-freer.o)
 .text          0x00000000        0x0 c:/freescale/kds_v3/toolchain/bin/../lib/gcc/arm-none-eabi/4.8.4/../../../../arm-none-eabi/lib/armv6-m\libg_s.a(lib_a-nano-mallocr.o)
 .data          0x00000000        0x0 c:/freescale/kds_v3/toolchain/bin/../lib/gcc/arm-none-eabi/4.8.4/../../../../arm-none-eabi/lib/armv6-m\libg_s.a(lib_a-nano-mallocr.o)
 .bss           0x00000000        0x0 c:/freescale/kds_v3/toolchain/bin/../lib/gcc/arm-none-eabi/4.8.4/../../../../arm-none-eabi/lib/armv6-m\libg_s.a(lib_a-nano-mallocr.o)
 .text          0x00000000        0x0 c:/freescale/kds_v3/toolchain/bin/../lib/gcc/arm-none-eabi/4.8.4/../../../../arm-none-eabi/lib/armv6-m\libg_s.a(lib_a-sbrkr.o)
 .data          0x00000000        0x0 c:/freescale/kds_v3/toolchain/bin/../lib/gcc/arm-none-eabi/4.8.4/../../../../arm-none-eabi/lib/armv6-m\libg_s.a(lib_a-sbrkr.o)
 .bss           0x00000000        0x0 c:/freescale/kds_v3/toolchain/bin/../lib/gcc/arm-none-eabi/4.8.4/../../../../arm-none-eabi/lib/armv6-m\libg_s.a(lib_a-sbrkr.o)
 .text          0x00000000        0x0 c:/freescale/kds_v3/toolchain/bin/../lib/gcc/arm-none-eabi/4.8.4/../../../../arm-none-eabi/lib/armv6-m\libg_s.a(lib_a-reent.o)
 .data          0x00000000        0x0 c:/freescale/kds_v3/toolchain/bin/../lib/gcc/arm-none-eabi/4.8.4/../../../../arm-none-eabi/lib/armv6-m\libg_s.a(lib_a-reent.o)
 .bss           0x00000000        0x0 c:/freescale/kds_v3/toolchain/bin/../lib/gcc/arm-none-eabi/4.8.4/../../../../arm-none-eabi/lib/armv6-m\libg_s.a(lib_a-reent.o)
 .text.cleanup_glue
                0x00000000       0x1a c:/freescale/kds_v3/toolchain/bin/../lib/gcc/arm-none-eabi/4.8.4/../../../../arm-none-eabi/lib/armv6-m\libg_s.a(lib_a-reent.o)
 .text._reclaim_reent
                0x00000000       0xcc c:/freescale/kds_v3/toolchain/bin/../lib/gcc/arm-none-eabi/4.8.4/../../../../arm-none-eabi/lib/armv6-m\libg_s.a(lib_a-reent.o)
 .text          0x00000000        0x0 c:/freescale/kds_v3/toolchain/bin/../lib/gcc/arm-none-eabi/4.8.4/../../../../arm-none-eabi/lib/armv6-m\libnosys.a(sbrk.o)
 .data          0x00000000        0x0 c:/freescale/kds_v3/toolchain/bin/../lib/gcc/arm-none-eabi/4.8.4/../../../../arm-none-eabi/lib/armv6-m\libnosys.a(sbrk.o)
 .bss           0x00000000        0x0 c:/freescale/kds_v3/toolchain/bin/../lib/gcc/arm-none-eabi/4.8.4/../../../../arm-none-eabi/lib/armv6-m\libnosys.a(sbrk.o)
 .text          0x00000000        0x0 c:/freescale/kds_v3/toolchain/bin/../lib/gcc/arm-none-eabi/4.8.4/../../../../arm-none-eabi/lib/armv6-m\libnosys.a(_exit.o)
 .data          0x00000000        0x0 c:/freescale/kds_v3/toolchain/bin/../lib/gcc/arm-none-eabi/4.8.4/../../../../arm-none-eabi/lib/armv6-m\libnosys.a(_exit.o)
 .bss           0x00000000        0x0 c:/freescale/kds_v3/toolchain/bin/../lib/gcc/arm-none-eabi/4.8.4/../../../../arm-none-eabi/lib/armv6-m\libnosys.a(_exit.o)
 .text          0x00000000        0x0 c:/freescale/kds_v3/toolchain/bin/../lib/gcc/arm-none-eabi/4.8.4/armv6-m/crtend.o
 .data          0x00000000        0x0 c:/freescale/kds_v3/toolchain/bin/../lib/gcc/arm-none-eabi/4.8.4/armv6-m/crtend.o
 .bss           0x00000000        0x0 c:/freescale/kds_v3/toolchain/bin/../lib/gcc/arm-none-eabi/4.8.4/armv6-m/crtend.o
 .eh_frame      0x00000000        0x4 c:/freescale/kds_v3/toolchain/bin/../lib/gcc/arm-none-eabi/4.8.4/armv6-m/crtend.o
 .text          0x00000000        0x0 c:/freescale/kds_v3/toolchain/bin/../lib/gcc/arm-none-eabi/4.8.4/armv6-m/crtn.o
 .data          0x00000000        0x0 c:/freescale/kds_v3/toolchain/bin/../lib/gcc/arm-none-eabi/4.8.4/armv6-m/crtn.o
 .bss           0x00000000        0x0 c:/freescale/kds_v3/toolchain/bin/../lib/gcc/arm-none-eabi/4.8.4/armv6-m/crtn.o

Memory Configuration

Name             Origin             Length             Attributes
m_interrupts     0x00000000         0x00000100         xr
m_flash_config   0x00000400         0x00000010         xr
m_text           0x00000410         0x0001fbf0         xr
m_data           0x1ffff000         0x00004000         rw
*default*        0x00000000         0xffffffff

Linker script and memory map

LOAD c:/freescale/kds_v3/toolchain/bin/../lib/gcc/arm-none-eabi/4.8.4/armv6-m/crti.o
LOAD c:/freescale/kds_v3/toolchain/bin/../lib/gcc/arm-none-eabi/4.8.4/armv6-m/crtbegin.o
LOAD c:/freescale/kds_v3/toolchain/bin/../lib/gcc/arm-none-eabi/4.8.4/../../../../arm-none-eabi/lib/armv6-m/crt0.o
LOAD ./Sources/LED.o
LOAD ./Sources/LPTMR.o
LOAD ./Sources/UART.o
LOAD ./Sources/circbuff.o
LOAD ./Sources/conversion.o
LOAD ./Sources/main.o
LOAD ./Sources/test_buff.o
LOAD ./Project_Settings/Startup_Code/startup_MKL25Z4.o
LOAD ./Project_Settings/Startup_Code/system_MKL25Z4.o
LOAD c:/freescale/kds_v3/toolchain/bin/../lib/gcc/arm-none-eabi/4.8.4/../../../../arm-none-eabi/lib/armv6-m\libstdc++_s.a
LOAD c:/freescale/kds_v3/toolchain/bin/../lib/gcc/arm-none-eabi/4.8.4/../../../../arm-none-eabi/lib/armv6-m\libm.a
START GROUP
LOAD c:/freescale/kds_v3/toolchain/bin/../lib/gcc/arm-none-eabi/4.8.4/armv6-m\libgcc.a
LOAD c:/freescale/kds_v3/toolchain/bin/../lib/gcc/arm-none-eabi/4.8.4/../../../../arm-none-eabi/lib/armv6-m\libg_s.a
LOAD c:/freescale/kds_v3/toolchain/bin/../lib/gcc/arm-none-eabi/4.8.4/../../../../arm-none-eabi/lib/armv6-m\libc_s.a
END GROUP
START GROUP
LOAD c:/freescale/kds_v3/toolchain/bin/../lib/gcc/arm-none-eabi/4.8.4/armv6-m\libgcc.a
LOAD c:/freescale/kds_v3/toolchain/bin/../lib/gcc/arm-none-eabi/4.8.4/../../../../arm-none-eabi/lib/armv6-m\libc_s.a
LOAD c:/freescale/kds_v3/toolchain/bin/../lib/gcc/arm-none-eabi/4.8.4/../../../../arm-none-eabi/lib/armv6-m\libnosys.a
END GROUP
START GROUP
LOAD c:/freescale/kds_v3/toolchain/bin/../lib/gcc/arm-none-eabi/4.8.4/armv6-m\libgcc.a
LOAD c:/freescale/kds_v3/toolchain/bin/../lib/gcc/arm-none-eabi/4.8.4/../../../../arm-none-eabi/lib/armv6-m\libc_s.a
LOAD c:/freescale/kds_v3/toolchain/bin/../lib/gcc/arm-none-eabi/4.8.4/../../../../arm-none-eabi/lib/armv6-m\libnosys.a
END GROUP
LOAD c:/freescale/kds_v3/toolchain/bin/../lib/gcc/arm-none-eabi/4.8.4/armv6-m/crtend.o
LOAD c:/freescale/kds_v3/toolchain/bin/../lib/gcc/arm-none-eabi/4.8.4/armv6-m/crtn.o
                0x00000400                HEAP_SIZE = DEFINED (__heap_size__)?__heap_size__:0x400
                0x00000400                STACK_SIZE = DEFINED (__stack_size__)?__stack_size__:0x400

.interrupts     0x00000000       0xc0
                0x00000000                __VECTOR_TABLE = .
                0x00000000                . = ALIGN (0x4)
 *(.isr_vector)
 .isr_vector    0x00000000       0xc0 ./Project_Settings/Startup_Code/startup_MKL25Z4.o
                0x00000000                __isr_vector
                0x000000c0                . = ALIGN (0x4)

.flash_config   0x00000400       0x10
                0x00000400                . = ALIGN (0x4)
 *(.FlashConfig)
 .FlashConfig   0x00000400       0x10 ./Project_Settings/Startup_Code/startup_MKL25Z4.o
                0x00000410                . = ALIGN (0x4)

.text           0x00000410      0xd8c
                0x00000410                . = ALIGN (0x4)
 *(.text)
 .text          0x00000410       0x60 c:/freescale/kds_v3/toolchain/bin/../lib/gcc/arm-none-eabi/4.8.4/armv6-m/crtbegin.o
 .text          0x00000470       0x78 c:/freescale/kds_v3/toolchain/bin/../lib/gcc/arm-none-eabi/4.8.4/../../../../arm-none-eabi/lib/armv6-m/crt0.o
                0x00000470                _start
                0x00000470                _mainCRTStartup
 .text          0x000004e8       0x34 ./Project_Settings/Startup_Code/startup_MKL25Z4.o
                0x000004e8                Reset_Handler
                0x00000514                HardFault_Handler
                0x00000514                SysTick_Handler
                0x00000514                PendSV_Handler
                0x00000514                NMI_Handler
                0x00000514                I2C1_IRQHandler
                0x00000514                UART1_IRQHandler
                0x00000514                DMA2_IRQHandler
                0x00000514                TPM0_IRQHandler
                0x00000514                LLWU_IRQHandler
                0x00000514                TSI0_IRQHandler
                0x00000514                ADC0_IRQHandler
                0x00000514                Reserved39_IRQHandler
                0x00000514                SPI1_IRQHandler
                0x00000514                DefaultISR
                0x00000514                PORTD_IRQHandler
                0x00000514                TPM2_IRQHandler
                0x00000514                RTC_IRQHandler
                0x00000514                I2C0_IRQHandler
                0x00000514                RTC_Seconds_IRQHandler
                0x00000514                MCG_IRQHandler
                0x00000514                UART2_IRQHandler
                0x00000514                Reserved20_IRQHandler
                0x00000514                USB0_IRQHandler
                0x00000514                PIT_IRQHandler
                0x00000514                SVC_Handler
                0x00000514                DMA3_IRQHandler
                0x00000514                DMA0_IRQHandler
                0x00000514                DAC0_IRQHandler
                0x00000514                Reserved45_IRQHandler
                0x00000514                TPM1_IRQHandler
                0x00000514                LVD_LVW_IRQHandler
                0x00000514                SPI0_IRQHandler
                0x00000514                PORTA_IRQHandler
                0x00000514                FTFA_IRQHandler
                0x00000514                LPTMR0_IRQHandler
                0x00000514                CMP0_IRQHandler
                0x00000514                DMA1_IRQHandler
 *(.text*)
 .text.led_pwm_init
                0x0000051c      0x104 ./Sources/LED.o
                0x0000051c                led_pwm_init
 .text.LED_select
                0x00000620      0x118 ./Sources/LED.o
                0x00000620                LED_select
 .text.NVIC_EnableIRQ
                0x00000738       0x2c ./Sources/UART.o
 .text.NVIC_SetPriority
                0x00000764       0xe0 ./Sources/UART.o
 .text.UART0_init
                0x00000844      0x100 ./Sources/UART.o
                0x00000844                UART0_init
 .text.write_string
                0x00000944       0x60 ./Sources/UART.o
                0x00000944                write_string
 .text.UART0_IRQHandler
                0x000009a4       0xac ./Sources/UART.o
                0x000009a4                UART0_IRQHandler
 .text.IfFull   0x00000a50       0x20 ./Sources/circbuff.o
                0x00000a50                IfFull
 .text.IfEmpty  0x00000a70       0x1c ./Sources/circbuff.o
                0x00000a70                IfEmpty
 .text.add_item
                0x00000a8c       0x64 ./Sources/circbuff.o
                0x00000a8c                add_item
 .text.remove_item
                0x00000af0       0x60 ./Sources/circbuff.o
                0x00000af0                remove_item
 .text.init_buff
                0x00000b50       0x44 ./Sources/circbuff.o
                0x00000b50                init_buff
 .text.empty_buff
                0x00000b94       0x50 ./Sources/circbuff.o
                0x00000b94                empty_buff
 .text.fill_buff
                0x00000be4       0x58 ./Sources/circbuff.o
                0x00000be4                fill_buff
 .text.process  0x00000c3c       0xb4 ./Sources/main.o
                0x00000c3c                process
 .text.main     0x00000cf0       0xb0 ./Sources/main.o
                0x00000cf0                main
 .text.test_empty
                0x00000da0       0x40 ./Sources/test_buff.o
                0x00000da0                test_empty
 .text.test_full
                0x00000de0       0x48 ./Sources/test_buff.o
                0x00000de0                test_full
 .text.test_warp
                0x00000e28       0x44 ./Sources/test_buff.o
                0x00000e28                test_warp
 .text.test_all_param
                0x00000e6c       0x80 ./Sources/test_buff.o
                0x00000e6c                test_all_param
 .text.SystemInit
                0x00000eec       0x18 ./Project_Settings/Startup_Code/system_MKL25Z4.o
                0x00000eec                SystemInit
 .text.exit     0x00000f04       0x2c c:/freescale/kds_v3/toolchain/bin/../lib/gcc/arm-none-eabi/4.8.4/../../../../arm-none-eabi/lib/armv6-m\libg_s.a(lib_a-exit.o)
                0x00000f04                exit
 .text.__libc_init_array
                0x00000f30       0x4c c:/freescale/kds_v3/toolchain/bin/../lib/gcc/arm-none-eabi/4.8.4/../../../../arm-none-eabi/lib/armv6-m\libg_s.a(lib_a-init.o)
                0x00000f30                __libc_init_array
 .text.malloc   0x00000f7c       0x14 c:/freescale/kds_v3/toolchain/bin/../lib/gcc/arm-none-eabi/4.8.4/../../../../arm-none-eabi/lib/armv6-m\libg_s.a(lib_a-malloc.o)
                0x00000f7c                malloc
 .text.memset   0x00000f90       0x10 c:/freescale/kds_v3/toolchain/bin/../lib/gcc/arm-none-eabi/4.8.4/../../../../arm-none-eabi/lib/armv6-m\libg_s.a(lib_a-memset.o)
                0x00000f90                memset
 .text._malloc_r
                0x00000fa0       0xa8 c:/freescale/kds_v3/toolchain/bin/../lib/gcc/arm-none-eabi/4.8.4/../../../../arm-none-eabi/lib/armv6-m\libg_s.a(lib_a-nano-mallocr.o)
                0x00000fa0                _malloc_r
 .text._sbrk_r  0x00001048       0x24 c:/freescale/kds_v3/toolchain/bin/../lib/gcc/arm-none-eabi/4.8.4/../../../../arm-none-eabi/lib/armv6-m\libg_s.a(lib_a-sbrkr.o)
                0x00001048                _sbrk_r
 .text._sbrk    0x0000106c       0x34 c:/freescale/kds_v3/toolchain/bin/../lib/gcc/arm-none-eabi/4.8.4/../../../../arm-none-eabi/lib/armv6-m\libnosys.a(sbrk.o)
                0x0000106c                _sbrk
 .text._exit    0x000010a0        0x4 c:/freescale/kds_v3/toolchain/bin/../lib/gcc/arm-none-eabi/4.8.4/../../../../arm-none-eabi/lib/armv6-m\libnosys.a(_exit.o)
                0x000010a0                _exit
 *(.rodata)
 .rodata        0x000010a4       0x20 ./Sources/main.o
 .rodata        0x000010c4       0xb8 ./Sources/test_buff.o
 *(.rodata*)
 .rodata.str1.1
                0x0000117c        0x2 c:/freescale/kds_v3/toolchain/bin/../lib/gcc/arm-none-eabi/4.8.4/../../../../arm-none-eabi/lib/armv6-m\libg_s.a(lib_a-impure.o)
 *fill*         0x0000117e        0x2 
 .rodata._global_impure_ptr
                0x00001180        0x4 c:/freescale/kds_v3/toolchain/bin/../lib/gcc/arm-none-eabi/4.8.4/../../../../arm-none-eabi/lib/armv6-m\libg_s.a(lib_a-impure.o)
                0x00001180                _global_impure_ptr
 *(.glue_7)
 .glue_7        0x00000000        0x0 linker stubs
 *(.glue_7t)
 .glue_7t       0x00000000        0x0 linker stubs
 *(.eh_frame)
 .eh_frame      0x00001184        0x0 c:/freescale/kds_v3/toolchain/bin/../lib/gcc/arm-none-eabi/4.8.4/armv6-m/crtbegin.o
 *(.init)
 .init          0x00001184        0x4 c:/freescale/kds_v3/toolchain/bin/../lib/gcc/arm-none-eabi/4.8.4/armv6-m/crti.o
                0x00001184                _init
 .init          0x00001188        0x8 c:/freescale/kds_v3/toolchain/bin/../lib/gcc/arm-none-eabi/4.8.4/armv6-m/crtn.o
 *(.fini)
 .fini          0x00001190        0x4 c:/freescale/kds_v3/toolchain/bin/../lib/gcc/arm-none-eabi/4.8.4/armv6-m/crti.o
                0x00001190                _fini
 .fini          0x00001194        0x8 c:/freescale/kds_v3/toolchain/bin/../lib/gcc/arm-none-eabi/4.8.4/armv6-m/crtn.o
                0x0000119c                . = ALIGN (0x4)

.vfp11_veneer   0x0000119c        0x0
 .vfp11_veneer  0x00000000        0x0 linker stubs

.v4_bx          0x0000119c        0x0
 .v4_bx         0x00000000        0x0 linker stubs

.iplt           0x0000119c        0x0
 .iplt          0x00000000        0x0 c:/freescale/kds_v3/toolchain/bin/../lib/gcc/arm-none-eabi/4.8.4/armv6-m/crtbegin.o

.ARM.extab
 *(.ARM.extab* .gnu.linkonce.armextab.*)

.ARM            0x0000119c        0x8
                0x0000119c                __exidx_start = .
 *(.ARM.exidx*)
 .ARM.exidx     0x0000119c        0x8 c:/freescale/kds_v3/toolchain/bin/../lib/gcc/arm-none-eabi/4.8.4/../../../../arm-none-eabi/lib/armv6-m/crt0.o
                0x000011a4                __exidx_end = .

.rel.dyn        0x000011a4        0x0
 .rel.iplt      0x00000000        0x0 c:/freescale/kds_v3/toolchain/bin/../lib/gcc/arm-none-eabi/4.8.4/armv6-m/crtbegin.o

.ctors          0x000011a4        0x0
                0x000011a4                __CTOR_LIST__ = .
 *crtbegin.o(.ctors)
 *crtbegin?.o(.ctors)
 *(EXCLUDE_FILE(*crtend.o *crtend?.o) .ctors)
 *(SORT(.ctors.*))
 *(.ctors)
                0x000011a4                __CTOR_END__ = .

.dtors          0x000011a4        0x0
                0x000011a4                __DTOR_LIST__ = .
 *crtbegin.o(.dtors)
 *crtbegin?.o(.dtors)
 *(EXCLUDE_FILE(*crtend.o *crtend?.o) .dtors)
 *(SORT(.dtors.*))
 *(.dtors)
                0x000011a4                __DTOR_END__ = .

.preinit_array  0x000011a4        0x0
                0x000011a4                PROVIDE (__preinit_array_start, .)
 *(.preinit_array*)
                0x000011a4                PROVIDE (__preinit_array_end, .)

.init_array     0x000011a4        0x4
                0x000011a4                PROVIDE (__init_array_start, .)
 *(SORT(.init_array.*))
 *(.init_array*)
 .init_array    0x000011a4        0x4 c:/freescale/kds_v3/toolchain/bin/../lib/gcc/arm-none-eabi/4.8.4/armv6-m/crtbegin.o
                0x000011a8                PROVIDE (__init_array_end, .)

.fini_array     0x000011a8        0x4
                0x000011a8                PROVIDE (__fini_array_start, .)
 *(SORT(.fini_array.*))
 *(.fini_array*)
 .fini_array    0x000011a8        0x4 c:/freescale/kds_v3/toolchain/bin/../lib/gcc/arm-none-eabi/4.8.4/armv6-m/crtbegin.o
                0x000011ac                PROVIDE (__fini_array_end, .)
                0x000011ac                __etext = .
                0x000011ac                __DATA_ROM = .

.mtb            0x1ffff000        0x0
                0x1ffff000                . = ALIGN (0x8)
                0x1ffff000                _mtb_start = .
 *(.mtb_buf)
                0x1ffff000                . = ALIGN (0x8)
                0x1ffff000                _mtb_end = .

.data           0x1ffff000       0x6c load address 0x000011ac
                0x1ffff000                . = ALIGN (0x4)
                0x1ffff000                __DATA_RAM = .
                0x1ffff000                __data_start__ = .
 *(.data)
 *(.data*)
 .data.bright   0x1ffff000        0x2 ./Sources/main.o
                0x1ffff000                bright
 *fill*         0x1ffff002        0x2 
 .data.impure_data
                0x1ffff004       0x60 c:/freescale/kds_v3/toolchain/bin/../lib/gcc/arm-none-eabi/4.8.4/../../../../arm-none-eabi/lib/armv6-m\libg_s.a(lib_a-impure.o)
 .data._impure_ptr
                0x1ffff064        0x4 c:/freescale/kds_v3/toolchain/bin/../lib/gcc/arm-none-eabi/4.8.4/../../../../arm-none-eabi/lib/armv6-m\libg_s.a(lib_a-impure.o)
                0x1ffff064                _impure_ptr
 *(.jcr*)
 .jcr           0x1ffff068        0x0 c:/freescale/kds_v3/toolchain/bin/../lib/gcc/arm-none-eabi/4.8.4/armv6-m/crtbegin.o
 .jcr           0x1ffff068        0x4 c:/freescale/kds_v3/toolchain/bin/../lib/gcc/arm-none-eabi/4.8.4/armv6-m/crtend.o
                0x1ffff06c                . = ALIGN (0x4)
                0x1ffff06c                __data_end__ = .
                0x00001218                __DATA_END = (__DATA_ROM + (__data_end__ - __data_start__))

.igot.plt       0x1ffff06c        0x0 load address 0x00001218
 .igot.plt      0x00000000        0x0 c:/freescale/kds_v3/toolchain/bin/../lib/gcc/arm-none-eabi/4.8.4/armv6-m/crtbegin.o

.bss            0x1ffff06c       0x5c load address 0x00001218
                0x1ffff06c                . = ALIGN (0x4)
                0x1ffff06c                __START_BSS = .
                0x1ffff06c                __bss_start__ = .
 *(.bss)
 .bss           0x1ffff06c       0x1c c:/freescale/kds_v3/toolchain/bin/../lib/gcc/arm-none-eabi/4.8.4/armv6-m/crtbegin.o
 *(.bss*)
 .bss.color     0x1ffff088        0x1 ./Sources/main.o
                0x1ffff088                color
 *fill*         0x1ffff089        0x3 
 .bss.__malloc_sbrk_start
                0x1ffff08c        0x4 c:/freescale/kds_v3/toolchain/bin/../lib/gcc/arm-none-eabi/4.8.4/../../../../arm-none-eabi/lib/armv6-m\libg_s.a(lib_a-nano-mallocr.o)
                0x1ffff08c                __malloc_sbrk_start
 .bss.__malloc_free_list
                0x1ffff090        0x4 c:/freescale/kds_v3/toolchain/bin/../lib/gcc/arm-none-eabi/4.8.4/../../../../arm-none-eabi/lib/armv6-m\libg_s.a(lib_a-nano-mallocr.o)
                0x1ffff090                __malloc_free_list
 .bss.heap_end.4246
                0x1ffff094        0x4 c:/freescale/kds_v3/toolchain/bin/../lib/gcc/arm-none-eabi/4.8.4/../../../../arm-none-eabi/lib/armv6-m\libnosys.a(sbrk.o)
 *(COMMON)
 COMMON         0x1ffff098       0x28 ./Sources/LED.o
                0x1ffff098                rx_buff
                0x1ffff0ac                tx_buff
 COMMON         0x1ffff0c0        0x1 ./Sources/main.o
                0x1ffff0c0                value
 *fill*         0x1ffff0c1        0x3 
 COMMON         0x1ffff0c4        0x4 c:/freescale/kds_v3/toolchain/bin/../lib/gcc/arm-none-eabi/4.8.4/../../../../arm-none-eabi/lib/armv6-m\libg_s.a(lib_a-reent.o)
                0x1ffff0c4                errno
                0x1ffff0c8                . = ALIGN (0x4)
                0x1ffff0c8                __bss_end__ = .
                0x1ffff0c8                __END_BSS = .

.heap           0x1ffff0c8      0x400 load address 0x00001274
                0x1ffff0c8                . = ALIGN (0x8)
                0x1ffff0c8                __end__ = .
                0x1ffff0c8                PROVIDE (end, .)
                0x1ffff0c8                __HeapBase = .
                0x1ffff4c8                . = (. + HEAP_SIZE)
 *fill*         0x1ffff0c8      0x400 
                0x1ffff4c8                __HeapLimit = .

.stack          0x1ffff4c8      0x400 load address 0x00001674
                0x1ffff4c8                . = ALIGN (0x8)
                0x1ffff8c8                . = (. + STACK_SIZE)
 *fill*         0x1ffff4c8      0x400 
                0x20003000                __StackTop = (ORIGIN (m_data) + 0x4000)
                0x20002c00                __StackLimit = (__StackTop - STACK_SIZE)
                0x20003000                PROVIDE (__stack, __StackTop)

.ARM.attributes
                0x00000000       0x28
 *(.ARM.attributes)
 .ARM.attributes
                0x00000000       0x1e c:/freescale/kds_v3/toolchain/bin/../lib/gcc/arm-none-eabi/4.8.4/armv6-m/crti.o
 .ARM.attributes
                0x0000001e       0x2c c:/freescale/kds_v3/toolchain/bin/../lib/gcc/arm-none-eabi/4.8.4/armv6-m/crtbegin.o
 .ARM.attributes
                0x0000004a       0x1b c:/freescale/kds_v3/toolchain/bin/../lib/gcc/arm-none-eabi/4.8.4/../../../../arm-none-eabi/lib/armv6-m/crt0.o
 .ARM.attributes
                0x00000065       0x32 ./Sources/LED.o
 .ARM.attributes
                0x00000097       0x32 ./Sources/UART.o
 .ARM.attributes
                0x000000c9       0x32 ./Sources/circbuff.o
 .ARM.attributes
                0x000000fb       0x32 ./Sources/main.o
 .ARM.attributes
                0x0000012d       0x32 ./Sources/test_buff.o
 .ARM.attributes
                0x0000015f       0x1b ./Project_Settings/Startup_Code/startup_MKL25Z4.o
 .ARM.attributes
                0x0000017a       0x32 ./Project_Settings/Startup_Code/system_MKL25Z4.o
 .ARM.attributes
                0x000001ac       0x2c c:/freescale/kds_v3/toolchain/bin/../lib/gcc/arm-none-eabi/4.8.4/../../../../arm-none-eabi/lib/armv6-m\libg_s.a(lib_a-exit.o)
 .ARM.attributes
                0x000001d8       0x2c c:/freescale/kds_v3/toolchain/bin/../lib/gcc/arm-none-eabi/4.8.4/../../../../arm-none-eabi/lib/armv6-m\libg_s.a(lib_a-impure.o)
 .ARM.attributes
                0x00000204       0x2c c:/freescale/kds_v3/toolchain/bin/../lib/gcc/arm-none-eabi/4.8.4/../../../../arm-none-eabi/lib/armv6-m\libg_s.a(lib_a-init.o)
 .ARM.attributes
                0x00000230       0x2c c:/freescale/kds_v3/toolchain/bin/../lib/gcc/arm-none-eabi/4.8.4/../../../../arm-none-eabi/lib/armv6-m\libg_s.a(lib_a-malloc.o)
 .ARM.attributes
                0x0000025c       0x2c c:/freescale/kds_v3/toolchain/bin/../lib/gcc/arm-none-eabi/4.8.4/../../../../arm-none-eabi/lib/armv6-m\libg_s.a(lib_a-memset.o)
 .ARM.attributes
                0x00000288       0x2c c:/freescale/kds_v3/toolchain/bin/../lib/gcc/arm-none-eabi/4.8.4/../../../../arm-none-eabi/lib/armv6-m\libg_s.a(lib_a-nano-mallocr.o)
 .ARM.attributes
                0x000002b4       0x2c c:/freescale/kds_v3/toolchain/bin/../lib/gcc/arm-none-eabi/4.8.4/../../../../arm-none-eabi/lib/armv6-m\libg_s.a(lib_a-sbrkr.o)
 .ARM.attributes
                0x000002e0       0x2c c:/freescale/kds_v3/toolchain/bin/../lib/gcc/arm-none-eabi/4.8.4/../../../../arm-none-eabi/lib/armv6-m\libg_s.a(lib_a-reent.o)
 .ARM.attributes
                0x0000030c       0x2c c:/freescale/kds_v3/toolchain/bin/../lib/gcc/arm-none-eabi/4.8.4/../../../../arm-none-eabi/lib/armv6-m\libnosys.a(sbrk.o)
 .ARM.attributes
                0x00000338       0x2c c:/freescale/kds_v3/toolchain/bin/../lib/gcc/arm-none-eabi/4.8.4/../../../../arm-none-eabi/lib/armv6-m\libnosys.a(_exit.o)
 .ARM.attributes
                0x00000364       0x2c c:/freescale/kds_v3/toolchain/bin/../lib/gcc/arm-none-eabi/4.8.4/armv6-m/crtend.o
 .ARM.attributes
                0x00000390       0x1e c:/freescale/kds_v3/toolchain/bin/../lib/gcc/arm-none-eabi/4.8.4/armv6-m/crtn.o
                0x00000001                ASSERT ((__StackLimit >= __HeapLimit), region m_data overflowed with stack and heap)
OUTPUT(UART_driver.elf elf32-littlearm)

.debug_info     0x00000000     0x1895
 .debug_info    0x00000000      0x55c ./Sources/LED.o
 .debug_info    0x0000055c      0x7a9 ./Sources/UART.o
 .debug_info    0x00000d05      0x2d1 ./Sources/circbuff.o
 .debug_info    0x00000fd6      0x212 ./Sources/main.o
 .debug_info    0x000011e8      0x235 ./Sources/test_buff.o
 .debug_info    0x0000141d       0x8b ./Project_Settings/Startup_Code/startup_MKL25Z4.o
 .debug_info    0x000014a8      0x3ed ./Project_Settings/Startup_Code/system_MKL25Z4.o

.debug_abbrev   0x00000000      0x6fd
 .debug_abbrev  0x00000000      0x14f ./Sources/LED.o
 .debug_abbrev  0x0000014f      0x19a ./Sources/UART.o
 .debug_abbrev  0x000002e9      0x122 ./Sources/circbuff.o
 .debug_abbrev  0x0000040b       0xf9 ./Sources/main.o
 .debug_abbrev  0x00000504       0xdc ./Sources/test_buff.o
 .debug_abbrev  0x000005e0       0x14 ./Project_Settings/Startup_Code/startup_MKL25Z4.o
 .debug_abbrev  0x000005f4      0x109 ./Project_Settings/Startup_Code/system_MKL25Z4.o

.debug_aranges  0x00000000      0x170
 .debug_aranges
                0x00000000       0x30 ./Sources/LED.o
 .debug_aranges
                0x00000030       0x40 ./Sources/UART.o
 .debug_aranges
                0x00000070       0x58 ./Sources/circbuff.o
 .debug_aranges
                0x000000c8       0x28 ./Sources/main.o
 .debug_aranges
                0x000000f0       0x38 ./Sources/test_buff.o
 .debug_aranges
                0x00000128       0x20 ./Project_Settings/Startup_Code/startup_MKL25Z4.o
 .debug_aranges
                0x00000148       0x28 ./Project_Settings/Startup_Code/system_MKL25Z4.o

.debug_ranges   0x00000000       0xf0
 .debug_ranges  0x00000000       0x20 ./Sources/LED.o
 .debug_ranges  0x00000020       0x30 ./Sources/UART.o
 .debug_ranges  0x00000050       0x48 ./Sources/circbuff.o
 .debug_ranges  0x00000098       0x18 ./Sources/main.o
 .debug_ranges  0x000000b0       0x28 ./Sources/test_buff.o
 .debug_ranges  0x000000d8       0x18 ./Project_Settings/Startup_Code/system_MKL25Z4.o

.debug_macro    0x00000000     0x9afe
 .debug_macro   0x00000000       0xb1 ./Sources/LED.o
 .debug_macro   0x000000b1      0x802 ./Sources/LED.o
 .debug_macro   0x000008b3       0x16 ./Sources/LED.o
 .debug_macro   0x000008c9       0x16 ./Sources/LED.o
 .debug_macro   0x000008df       0x44 ./Sources/LED.o
 .debug_macro   0x00000923      0x209 ./Sources/LED.o
 .debug_macro   0x00000b2c       0x3a ./Sources/LED.o
 .debug_macro   0x00000b66       0x3a ./Sources/LED.o
 .debug_macro   0x00000ba0       0x26 ./Sources/LED.o
 .debug_macro   0x00000bc6      0x306 ./Sources/LED.o
 .debug_macro   0x00000ecc       0x63 ./Sources/LED.o
 .debug_macro   0x00000f2f     0x839f ./Sources/LED.o
 .debug_macro   0x000092ce       0xa5 ./Sources/UART.o
 .debug_macro   0x00009373      0x133 ./Sources/circbuff.o
 .debug_macro   0x000094a6       0x4a ./Sources/circbuff.o
 .debug_macro   0x000094f0      0x20f ./Sources/circbuff.o
 .debug_macro   0x000096ff      0x1b2 ./Sources/main.o
 .debug_macro   0x000098b1      0x183 ./Sources/test_buff.o
 .debug_macro   0x00009a34       0x4c ./Sources/test_buff.o
 .debug_macro   0x00009a80       0x7e ./Project_Settings/Startup_Code/system_MKL25Z4.o

.debug_line     0x00000000     0x1020
 .debug_line    0x00000000      0x242 ./Sources/LED.o
 .debug_line    0x00000242      0x267 ./Sources/UART.o
 .debug_line    0x000004a9      0x2ea ./Sources/circbuff.o
 .debug_line    0x00000793      0x2eb ./Sources/main.o
 .debug_line    0x00000a7e      0x2e7 ./Sources/test_buff.o
 .debug_line    0x00000d65       0x7b ./Project_Settings/Startup_Code/startup_MKL25Z4.o
 .debug_line    0x00000de0      0x240 ./Project_Settings/Startup_Code/system_MKL25Z4.o

.debug_str      0x00000000    0x33f93
 .debug_str     0x00000000    0x31b99 ./Sources/LED.o
                              0x31fa7 (size before relaxing)
 .debug_str     0x00031b99      0x28d ./Sources/UART.o
                              0x321a7 (size before relaxing)
 .debug_str     0x00031e26     0x204f ./Sources/circbuff.o
                               0x4ec3 (size before relaxing)
 .debug_str     0x00033e75       0x46 ./Sources/main.o
                              0x33eb7 (size before relaxing)
 .debug_str     0x00033ebb       0x4c ./Sources/test_buff.o
                              0x33ea7 (size before relaxing)
 .debug_str     0x00033f07       0x8c ./Project_Settings/Startup_Code/system_MKL25Z4.o
                              0x31f09 (size before relaxing)

.comment        0x00000000       0x70
 .comment       0x00000000       0x70 ./Sources/LED.o
                                 0x71 (size before relaxing)
 .comment       0x00000000       0x71 ./Sources/UART.o
 .comment       0x00000000       0x71 ./Sources/circbuff.o
 .comment       0x00000000       0x71 ./Sources/main.o
 .comment       0x00000000       0x71 ./Sources/test_buff.o
 .comment       0x00000000       0x71 ./Project_Settings/Startup_Code/system_MKL25Z4.o

.debug_frame    0x00000000      0x4e8
 .debug_frame   0x00000000       0x68 ./Sources/LED.o
 .debug_frame   0x00000068       0xb0 ./Sources/UART.o
 .debug_frame   0x00000118      0x110 ./Sources/circbuff.o
 .debug_frame   0x00000228       0x50 ./Sources/main.o
 .debug_frame   0x00000278       0x90 ./Sources/test_buff.o
 .debug_frame   0x00000308       0x4c ./Project_Settings/Startup_Code/system_MKL25Z4.o
 .debug_frame   0x00000354       0x28 c:/freescale/kds_v3/toolchain/bin/../lib/gcc/arm-none-eabi/4.8.4/../../../../arm-none-eabi/lib/armv6-m\libg_s.a(lib_a-exit.o)
 .debug_frame   0x0000037c       0x2c c:/freescale/kds_v3/toolchain/bin/../lib/gcc/arm-none-eabi/4.8.4/../../../../arm-none-eabi/lib/armv6-m\libg_s.a(lib_a-init.o)
 .debug_frame   0x000003a8       0x40 c:/freescale/kds_v3/toolchain/bin/../lib/gcc/arm-none-eabi/4.8.4/../../../../arm-none-eabi/lib/armv6-m\libg_s.a(lib_a-malloc.o)
 .debug_frame   0x000003e8       0x20 c:/freescale/kds_v3/toolchain/bin/../lib/gcc/arm-none-eabi/4.8.4/../../../../arm-none-eabi/lib/armv6-m\libg_s.a(lib_a-memset.o)
 .debug_frame   0x00000408       0x2c c:/freescale/kds_v3/toolchain/bin/../lib/gcc/arm-none-eabi/4.8.4/../../../../arm-none-eabi/lib/armv6-m\libg_s.a(lib_a-nano-mallocr.o)
 .debug_frame   0x00000434       0x2c c:/freescale/kds_v3/toolchain/bin/../lib/gcc/arm-none-eabi/4.8.4/../../../../arm-none-eabi/lib/armv6-m\libg_s.a(lib_a-sbrkr.o)
 .debug_frame   0x00000460       0x48 c:/freescale/kds_v3/toolchain/bin/../lib/gcc/arm-none-eabi/4.8.4/../../../../arm-none-eabi/lib/armv6-m\libg_s.a(lib_a-reent.o)
 .debug_frame   0x000004a8       0x20 c:/freescale/kds_v3/toolchain/bin/../lib/gcc/arm-none-eabi/4.8.4/../../../../arm-none-eabi/lib/armv6-m\libnosys.a(sbrk.o)
 .debug_frame   0x000004c8       0x20 c:/freescale/kds_v3/toolchain/bin/../lib/gcc/arm-none-eabi/4.8.4/../../../../arm-none-eabi/lib/armv6-m\libnosys.a(_exit.o)
