Archive member included because of file (symbol)

c:/freescale/kds_v3/toolchain/bin/../lib/gcc/arm-none-eabi/4.8.4/../../../../arm-none-eabi/lib/armv6-m\libm.a(lib_a-w_pow.o)
                              ./Sources/conversion.o (pow)
c:/freescale/kds_v3/toolchain/bin/../lib/gcc/arm-none-eabi/4.8.4/../../../../arm-none-eabi/lib/armv6-m\libm.a(lib_a-e_pow.o)
                              c:/freescale/kds_v3/toolchain/bin/../lib/gcc/arm-none-eabi/4.8.4/../../../../arm-none-eabi/lib/armv6-m\libm.a(lib_a-w_pow.o) (__ieee754_pow)
c:/freescale/kds_v3/toolchain/bin/../lib/gcc/arm-none-eabi/4.8.4/../../../../arm-none-eabi/lib/armv6-m\libm.a(lib_a-e_sqrt.o)
                              c:/freescale/kds_v3/toolchain/bin/../lib/gcc/arm-none-eabi/4.8.4/../../../../arm-none-eabi/lib/armv6-m\libm.a(lib_a-e_pow.o) (__ieee754_sqrt)
c:/freescale/kds_v3/toolchain/bin/../lib/gcc/arm-none-eabi/4.8.4/../../../../arm-none-eabi/lib/armv6-m\libm.a(lib_a-s_fabs.o)
                              c:/freescale/kds_v3/toolchain/bin/../lib/gcc/arm-none-eabi/4.8.4/../../../../arm-none-eabi/lib/armv6-m\libm.a(lib_a-e_pow.o) (fabs)
c:/freescale/kds_v3/toolchain/bin/../lib/gcc/arm-none-eabi/4.8.4/../../../../arm-none-eabi/lib/armv6-m\libm.a(lib_a-s_finite.o)
                              c:/freescale/kds_v3/toolchain/bin/../lib/gcc/arm-none-eabi/4.8.4/../../../../arm-none-eabi/lib/armv6-m\libm.a(lib_a-w_pow.o) (finite)
c:/freescale/kds_v3/toolchain/bin/../lib/gcc/arm-none-eabi/4.8.4/../../../../arm-none-eabi/lib/armv6-m\libm.a(lib_a-s_fpclassify.o)
                              c:/freescale/kds_v3/toolchain/bin/../lib/gcc/arm-none-eabi/4.8.4/../../../../arm-none-eabi/lib/armv6-m\libm.a(lib_a-w_pow.o) (__fpclassifyd)
c:/freescale/kds_v3/toolchain/bin/../lib/gcc/arm-none-eabi/4.8.4/../../../../arm-none-eabi/lib/armv6-m\libm.a(lib_a-s_lib_ver.o)
                              c:/freescale/kds_v3/toolchain/bin/../lib/gcc/arm-none-eabi/4.8.4/../../../../arm-none-eabi/lib/armv6-m\libm.a(lib_a-w_pow.o) (__fdlib_version)
c:/freescale/kds_v3/toolchain/bin/../lib/gcc/arm-none-eabi/4.8.4/../../../../arm-none-eabi/lib/armv6-m\libm.a(lib_a-s_matherr.o)
                              c:/freescale/kds_v3/toolchain/bin/../lib/gcc/arm-none-eabi/4.8.4/../../../../arm-none-eabi/lib/armv6-m\libm.a(lib_a-w_pow.o) (matherr)
c:/freescale/kds_v3/toolchain/bin/../lib/gcc/arm-none-eabi/4.8.4/../../../../arm-none-eabi/lib/armv6-m\libm.a(lib_a-s_nan.o)
                              c:/freescale/kds_v3/toolchain/bin/../lib/gcc/arm-none-eabi/4.8.4/../../../../arm-none-eabi/lib/armv6-m\libm.a(lib_a-e_pow.o) (nan)
c:/freescale/kds_v3/toolchain/bin/../lib/gcc/arm-none-eabi/4.8.4/../../../../arm-none-eabi/lib/armv6-m\libm.a(lib_a-s_rint.o)
                              c:/freescale/kds_v3/toolchain/bin/../lib/gcc/arm-none-eabi/4.8.4/../../../../arm-none-eabi/lib/armv6-m\libm.a(lib_a-w_pow.o) (rint)
c:/freescale/kds_v3/toolchain/bin/../lib/gcc/arm-none-eabi/4.8.4/../../../../arm-none-eabi/lib/armv6-m\libm.a(lib_a-s_scalbn.o)
                              c:/freescale/kds_v3/toolchain/bin/../lib/gcc/arm-none-eabi/4.8.4/../../../../arm-none-eabi/lib/armv6-m\libm.a(lib_a-e_pow.o) (scalbn)
c:/freescale/kds_v3/toolchain/bin/../lib/gcc/arm-none-eabi/4.8.4/../../../../arm-none-eabi/lib/armv6-m\libm.a(lib_a-s_copysign.o)
                              c:/freescale/kds_v3/toolchain/bin/../lib/gcc/arm-none-eabi/4.8.4/../../../../arm-none-eabi/lib/armv6-m\libm.a(lib_a-s_scalbn.o) (copysign)
c:/freescale/kds_v3/toolchain/bin/../lib/gcc/arm-none-eabi/4.8.4/armv6-m\libgcc.a(_udivsi3.o)
                              ./Sources/conversion.o (__aeabi_uidiv)
c:/freescale/kds_v3/toolchain/bin/../lib/gcc/arm-none-eabi/4.8.4/armv6-m\libgcc.a(_divsi3.o)
                              ./Sources/conversion.o (__aeabi_idiv)
c:/freescale/kds_v3/toolchain/bin/../lib/gcc/arm-none-eabi/4.8.4/armv6-m\libgcc.a(_dvmd_tls.o)
                              c:/freescale/kds_v3/toolchain/bin/../lib/gcc/arm-none-eabi/4.8.4/armv6-m\libgcc.a(_udivsi3.o) (__aeabi_idiv0)
c:/freescale/kds_v3/toolchain/bin/../lib/gcc/arm-none-eabi/4.8.4/armv6-m\libgcc.a(_arm_cmpdf2.o)
                              c:/freescale/kds_v3/toolchain/bin/../lib/gcc/arm-none-eabi/4.8.4/../../../../arm-none-eabi/lib/armv6-m\libm.a(lib_a-w_pow.o) (__aeabi_dcmpeq)
c:/freescale/kds_v3/toolchain/bin/../lib/gcc/arm-none-eabi/4.8.4/armv6-m\libgcc.a(_arm_cmpsf2.o)
                              ./Sources/conversion.o (__aeabi_fcmpeq)
c:/freescale/kds_v3/toolchain/bin/../lib/gcc/arm-none-eabi/4.8.4/armv6-m\libgcc.a(_fixunssfsi.o)
                              ./Sources/conversion.o (__aeabi_f2uiz)
c:/freescale/kds_v3/toolchain/bin/../lib/gcc/arm-none-eabi/4.8.4/armv6-m\libgcc.a(addsf3.o)
                              ./Sources/conversion.o (__aeabi_fadd)
c:/freescale/kds_v3/toolchain/bin/../lib/gcc/arm-none-eabi/4.8.4/armv6-m\libgcc.a(divsf3.o)
                              ./Sources/conversion.o (__aeabi_fdiv)
[...]
Memory Configuration

Name             Origin             Length             Attributes
m_interrupts     0x00000000         0x00000100         xr
m_flash_config   0x00000400         0x00000010         xr
m_text           0x00000410         0x0001fbf0         xr
m_data           0x1ffff000         0x00004000         rw
*default*        0x00000000         0xffffffff

Linker script and memory map

LOAD c:/freescale/kds_v3/toolchain/bin/../lib/gcc/arm-none-eabi/4.8.4/armv6-m/crti.o
LOAD c:/freescale/kds_v3/toolchain/bin/../lib/gcc/arm-none-eabi/4.8.4/armv6-m/crtbegin.o
LOAD c:/freescale/kds_v3/toolchain/bin/../lib/gcc/arm-none-eabi/4.8.4/../../../../arm-none-eabi/lib/armv6-m/crt0.o
LOAD ./Sources/LED.o
LOAD ./Sources/Messege.o
LOAD ./Sources/UART.o
LOAD ./Sources/circbuff.o
LOAD ./Sources/conversion.o
LOAD ./Sources/log.o
LOAD ./Sources/main.o
LOAD ./Sources/timer.o
LOAD ./Project_Settings/Startup_Code/startup_MKL25Z4.o
LOAD ./Project_Settings/Startup_Code/system_MKL25Z4.o
LOAD c:/freescale/kds_v3/toolchain/bin/../lib/gcc/arm-none-eabi/4.8.4/../../../../arm-none-eabi/lib/armv6-m\libstdc++_s.a
LOAD c:/freescale/kds_v3/toolchain/bin/../lib/gcc/arm-none-eabi/4.8.4/../../../../arm-none-eabi/lib/armv6-m\libm.a
START GROUP
LOAD c:/freescale/kds_v3/toolchain/bin/../lib/gcc/arm-none-eabi/4.8.4/armv6-m\libgcc.a
LOAD c:/freescale/kds_v3/toolchain/bin/../lib/gcc/arm-none-eabi/4.8.4/../../../../arm-none-eabi/lib/armv6-m\libg_s.a
LOAD c:/freescale/kds_v3/toolchain/bin/../lib/gcc/arm-none-eabi/4.8.4/../../../../arm-none-eabi/lib/armv6-m\libc_s.a
END GROUP
START GROUP
LOAD c:/freescale/kds_v3/toolchain/bin/../lib/gcc/arm-none-eabi/4.8.4/armv6-m\libgcc.a
LOAD c:/freescale/kds_v3/toolchain/bin/../lib/gcc/arm-none-eabi/4.8.4/../../../../arm-none-eabi/lib/armv6-m\libc_s.a
LOAD c:/freescale/kds_v3/toolchain/bin/../lib/gcc/arm-none-eabi/4.8.4/../../../../arm-none-eabi/lib/armv6-m\libnosys.a
END GROUP
START GROUP
LOAD c:/freescale/kds_v3/toolchain/bin/../lib/gcc/arm-none-eabi/4.8.4/armv6-m\libgcc.a
LOAD c:/freescale/kds_v3/toolchain/bin/../lib/gcc/arm-none-eabi/4.8.4/../../../../arm-none-eabi/lib/armv6-m\libc_s.a
LOAD c:/freescale/kds_v3/toolchain/bin/../lib/gcc/arm-none-eabi/4.8.4/../../../../arm-none-eabi/lib/armv6-m\libnosys.a
END GROUP
LOAD c:/freescale/kds_v3/toolchain/bin/../lib/gcc/arm-none-eabi/4.8.4/armv6-m/crtend.o
LOAD c:/freescale/kds_v3/toolchain/bin/../lib/gcc/arm-none-eabi/4.8.4/armv6-m/crtn.o
                0x00000400                HEAP_SIZE = DEFINED (__heap_size__)?__heap_size__:0x400
                0x00000400                STACK_SIZE = DEFINED (__stack_size__)?__stack_size__:0x400

.interrupts     0x00000000       0xc0
                0x00000000                __VECTOR_TABLE = .
                0x00000000                . = ALIGN (0x4)
 *(.isr_vector)
 .isr_vector    0x00000000       0xc0 ./Project_Settings/Startup_Code/startup_MKL25Z4.o
                0x00000000                __isr_vector
                0x000000c0                . = ALIGN (0x4)

.flash_config   0x00000400       0x10
                0x00000400                . = ALIGN (0x4)
 *(.FlashConfig)
 .FlashConfig   0x00000400       0x10 ./Project_Settings/Startup_Code/startup_MKL25Z4.o
                0x00000410                . = ALIGN (0x4)

.text           0x00000410      0xb60
                0x00000410                . = ALIGN (0x4)
 *(.text)
 .text          0x00000410       0x60 c:/freescale/kds_v3/toolchain/bin/../lib/gcc/arm-none-eabi/4.8.4/armv6-m/crtbegin.o
 .text          0x00000470       0x78 c:/freescale/kds_v3/toolchain/bin/../lib/gcc/arm-none-eabi/4.8.4/../../../../arm-none-eabi/lib/armv6-m/crt0.o
                0x00000470                _start
                0x00000470                _mainCRTStartup
 .text          0x000004e8       0x34 ./Project_Settings/Startup_Code/startup_MKL25Z4.o
                0x000004e8                Reset_Handler
                0x00000514                HardFault_Handler
                0x00000514                SysTick_Handler
                0x00000514                PendSV_Handler
                0x00000514                NMI_Handler
                0x00000514                I2C1_IRQHandler
                0x00000514                UART1_IRQHandler
                0x00000514                DMA2_IRQHandler
                0x00000514                TPM0_IRQHandler
                0x00000514                LLWU_IRQHandler
                0x00000514                TSI0_IRQHandler
                0x00000514                ADC0_IRQHandler
                0x00000514                Reserved39_IRQHandler
                0x00000514                SPI1_IRQHandler
                0x00000514                DefaultISR
                0x00000514                PORTD_IRQHandler
                0x00000514                TPM2_IRQHandler
                0x00000514                RTC_IRQHandler
                0x00000514                I2C0_IRQHandler
                0x00000514                RTC_Seconds_IRQHandler
                0x00000514                MCG_IRQHandler
                0x00000514                UART2_IRQHandler
                0x00000514                Reserved20_IRQHandler
                0x00000514                USB0_IRQHandler
                0x00000514                SVC_Handler
                0x00000514                DMA3_IRQHandler
                0x00000514                DMA0_IRQHandler
                0x00000514                DAC0_IRQHandler
                0x00000514                Reserved45_IRQHandler
                0x00000514                TPM1_IRQHandler
                0x00000514                LVD_LVW_IRQHandler
                0x00000514                SPI0_IRQHandler
                0x00000514                PORTA_IRQHandler
                0x00000514                FTFA_IRQHandler
                0x00000514                LPTMR0_IRQHandler
                0x00000514                CMP0_IRQHandler
                0x00000514                DMA1_IRQHandler
 *(.text*)
 .text.led_pwm_init
                0x0000051c      0x104 ./Sources/LED.o
                0x0000051c                led_pwm_init
 .text.LED_select
                0x00000620      0x118 ./Sources/LED.o
                0x00000620                LED_select
 .text.Decode_CI_Msg
                0x00000738       0x80 ./Sources/Messege.o
                0x00000738                Decode_CI_Msg
 .text.Read_CI_Msg
                0x000007b8       0xe4 ./Sources/Messege.o
                0x000007b8                Read_CI_Msg
 .text.NVIC_EnableIRQ
                0x0000089c       0x2c ./Sources/UART.o
 .text.NVIC_SetPriority
                0x000008c8       0xe0 ./Sources/UART.o
 .text.UART0_init
                0x000009a8      0x100 ./Sources/UART.o
                0x000009a8                UART0_init
 .text.UART0_IRQHandler
                0x00000aa8       0xac ./Sources/UART.o
                0x00000aa8                UART0_IRQHandler
 .text.IfFull   0x00000b54       0x20 ./Sources/circbuff.o
                0x00000b54                IfFull
 .text.IfEmpty  0x00000b74       0x1c ./Sources/circbuff.o
                0x00000b74                IfEmpty
 .text.add_item
                0x00000b90       0x64 ./Sources/circbuff.o
                0x00000b90                add_item
 .text.remove_item
                0x00000bf4       0x60 ./Sources/circbuff.o
                0x00000bf4                remove_item
 .text.init_buff
                0x00000c54       0x3c ./Sources/circbuff.o
                0x00000c54                init_buff
 .text.log0     0x00000c90       0x60 ./Sources/log.o
                0x00000c90                log0
 .text.main     0x00000cf0       0x5c ./Sources/main.o
                0x00000cf0                main
 .text.PIT_IRQHandler
                0x00000d4c       0x38 ./Sources/timer.o
                0x00000d4c                PIT_IRQHandler
 .text.SystemInit
                0x00000d84       0x18 ./Project_Settings/Startup_Code/system_MKL25Z4.o
                0x00000d84                SystemInit
 .text.exit     0x00000d9c       0x2c c:/freescale/kds_v3/toolchain/bin/../lib/gcc/arm-none-eabi/4.8.4/../../../../arm-none-eabi/lib/armv6-m\libg_s.a(lib_a-exit.o)
                0x00000d9c                exit
 .text.__libc_init_array
                0x00000dc8       0x4c c:/freescale/kds_v3/toolchain/bin/../lib/gcc/arm-none-eabi/4.8.4/../../../../arm-none-eabi/lib/armv6-m\libg_s.a(lib_a-init.o)
                0x00000dc8                __libc_init_array
 .text.malloc   0x00000e14       0x14 c:/freescale/kds_v3/toolchain/bin/../lib/gcc/arm-none-eabi/4.8.4/../../../../arm-none-eabi/lib/armv6-m\libg_s.a(lib_a-malloc.o)
                0x00000e14                malloc
 .text.memset   0x00000e28       0x10 c:/freescale/kds_v3/toolchain/bin/../lib/gcc/arm-none-eabi/4.8.4/../../../../arm-none-eabi/lib/armv6-m\libg_s.a(lib_a-memset.o)
                0x00000e28                memset
 .text._malloc_r
                0x00000e38       0xa8 c:/freescale/kds_v3/toolchain/bin/../lib/gcc/arm-none-eabi/4.8.4/../../../../arm-none-eabi/lib/armv6-m\libg_s.a(lib_a-nano-mallocr.o)
                0x00000e38                _malloc_r
 .text._sbrk_r  0x00000ee0       0x24 c:/freescale/kds_v3/toolchain/bin/../lib/gcc/arm-none-eabi/4.8.4/../../../../arm-none-eabi/lib/armv6-m\libg_s.a(lib_a-sbrkr.o)
                0x00000ee0                _sbrk_r
 .text._sbrk    0x00000f04       0x34 c:/freescale/kds_v3/toolchain/bin/../lib/gcc/arm-none-eabi/4.8.4/../../../../arm-none-eabi/lib/armv6-m\libnosys.a(sbrk.o)
                0x00000f04                _sbrk
 .text._exit    0x00000f38        0x4 c:/freescale/kds_v3/toolchain/bin/../lib/gcc/arm-none-eabi/4.8.4/../../../../arm-none-eabi/lib/armv6-m\libnosys.a(_exit.o)
                0x00000f38                _exit
 *(.rodata)
 .rodata        0x00000f3c        0xc ./Sources/Messege.o
 .rodata        0x00000f48        0x8 ./Sources/main.o
 *(.rodata*)
 .rodata.str1.1
                0x00000f50        0x2 c:/freescale/kds_v3/toolchain/bin/../lib/gcc/arm-none-eabi/4.8.4/../../../../arm-none-eabi/lib/armv6-m\libg_s.a(lib_a-impure.o)
 *fill*         0x00000f52        0x2 
 .rodata._global_impure_ptr
                0x00000f54        0x4 c:/freescale/kds_v3/toolchain/bin/../lib/gcc/arm-none-eabi/4.8.4/../../../../arm-none-eabi/lib/armv6-m\libg_s.a(lib_a-impure.o)
                0x00000f54                _global_impure_ptr
 *(.glue_7)
 .glue_7        0x00000000        0x0 linker stubs
 *(.glue_7t)
 .glue_7t       0x00000000        0x0 linker stubs
 *(.eh_frame)
 .eh_frame      0x00000f58        0x0 c:/freescale/kds_v3/toolchain/bin/../lib/gcc/arm-none-eabi/4.8.4/armv6-m/crtbegin.o
 *(.init)
 .init          0x00000f58        0x4 c:/freescale/kds_v3/toolchain/bin/../lib/gcc/arm-none-eabi/4.8.4/armv6-m/crti.o
                0x00000f58                _init
 .init          0x00000f5c        0x8 c:/freescale/kds_v3/toolchain/bin/../lib/gcc/arm-none-eabi/4.8.4/armv6-m/crtn.o
 *(.fini)
 .fini          0x00000f64        0x4 c:/freescale/kds_v3/toolchain/bin/../lib/gcc/arm-none-eabi/4.8.4/armv6-m/crti.o
                0x00000f64                _fini
 .fini          0x00000f68        0x8 c:/freescale/kds_v3/toolchain/bin/../lib/gcc/arm-none-eabi/4.8.4/armv6-m/crtn.o
                0x00000f70                . = ALIGN (0x4)

.vfp11_veneer   0x00000f70        0x0
 .vfp11_veneer  0x00000000        0x0 linker stubs

.v4_bx          0x00000f70        0x0
 .v4_bx         0x00000000        0x0 linker stubs

.iplt           0x00000f70        0x0
 .iplt          0x00000000        0x0 c:/freescale/kds_v3/toolchain/bin/../lib/gcc/arm-none-eabi/4.8.4/armv6-m/crtbegin.o

.ARM.extab
 *(.ARM.extab* .gnu.linkonce.armextab.*)

.ARM            0x00000f70        0x8
                0x00000f70                __exidx_start = .
 *(.ARM.exidx*)
 .ARM.exidx     0x00000f70        0x8 c:/freescale/kds_v3/toolchain/bin/../lib/gcc/arm-none-eabi/4.8.4/../../../../arm-none-eabi/lib/armv6-m/crt0.o
                0x00000f78                __exidx_end = .

.rel.dyn        0x00000f78        0x0
 .rel.iplt      0x00000000        0x0 c:/freescale/kds_v3/toolchain/bin/../lib/gcc/arm-none-eabi/4.8.4/armv6-m/crtbegin.o

.ctors          0x00000f78        0x0
                0x00000f78                __CTOR_LIST__ = .
 *crtbegin.o(.ctors)
 *crtbegin?.o(.ctors)
 *(EXCLUDE_FILE(*crtend.o *crtend?.o) .ctors)
 *(SORT(.ctors.*))
 *(.ctors)
                0x00000f78                __CTOR_END__ = .

.dtors          0x00000f78        0x0
                0x00000f78                __DTOR_LIST__ = .
 *crtbegin.o(.dtors)
 *crtbegin?.o(.dtors)
 *(EXCLUDE_FILE(*crtend.o *crtend?.o) .dtors)
 *(SORT(.dtors.*))
 *(.dtors)
                0x00000f78                __DTOR_END__ = .

.preinit_array  0x00000f78        0x0
                0x00000f78                PROVIDE (__preinit_array_start, .)
 *(.preinit_array*)
                0x00000f78                PROVIDE (__preinit_array_end, .)

.init_array     0x00000f78        0x4
                0x00000f78                PROVIDE (__init_array_start, .)
 *(SORT(.init_array.*))
 *(.init_array*)
 .init_array    0x00000f78        0x4 c:/freescale/kds_v3/toolchain/bin/../lib/gcc/arm-none-eabi/4.8.4/armv6-m/crtbegin.o
                0x00000f7c                PROVIDE (__init_array_end, .)

.fini_array     0x00000f7c        0x4
                0x00000f7c                PROVIDE (__fini_array_start, .)
 *(SORT(.fini_array.*))
 *(.fini_array*)
 .fini_array    0x00000f7c        0x4 c:/freescale/kds_v3/toolchain/bin/../lib/gcc/arm-none-eabi/4.8.4/armv6-m/crtbegin.o
                0x00000f80                PROVIDE (__fini_array_end, .)
                0x00000f80                __etext = .
                0x00000f80                __DATA_ROM = .

.mtb            0x1ffff000        0x0
                0x1ffff000                . = ALIGN (0x8)
                0x1ffff000                _mtb_start = .
 *(.mtb_buf)
                0x1ffff000                . = ALIGN (0x8)
                0x1ffff000                _mtb_end = .

.data           0x1ffff000       0x68 load address 0x00000f80
                0x1ffff000                . = ALIGN (0x4)
                0x1ffff000                __DATA_RAM = .
                0x1ffff000                __data_start__ = .
 *(.data)
 *(.data*)
 .data.impure_data
                0x1ffff000       0x60 c:/freescale/kds_v3/toolchain/bin/../lib/gcc/arm-none-eabi/4.8.4/../../../../arm-none-eabi/lib/armv6-m\libg_s.a(lib_a-impure.o)
 .data._impure_ptr
                0x1ffff060        0x4 c:/freescale/kds_v3/toolchain/bin/../lib/gcc/arm-none-eabi/4.8.4/../../../../arm-none-eabi/lib/armv6-m\libg_s.a(lib_a-impure.o)
                0x1ffff060                _impure_ptr
 *(.jcr*)
 .jcr           0x1ffff064        0x0 c:/freescale/kds_v3/toolchain/bin/../lib/gcc/arm-none-eabi/4.8.4/armv6-m/crtbegin.o
 .jcr           0x1ffff064        0x4 c:/freescale/kds_v3/toolchain/bin/../lib/gcc/arm-none-eabi/4.8.4/armv6-m/crtend.o
                0x1ffff068                . = ALIGN (0x4)
                0x1ffff068                __data_end__ = .
                0x00000fe8                __DATA_END = (__DATA_ROM + (__data_end__ - __data_start__))

.igot.plt       0x1ffff068        0x0 load address 0x00000fe8
 .igot.plt      0x00000000        0x0 c:/freescale/kds_v3/toolchain/bin/../lib/gcc/arm-none-eabi/4.8.4/armv6-m/crtbegin.o

.bss            0x1ffff068       0x64 load address 0x00000fe8
                0x1ffff068                . = ALIGN (0x4)
                0x1ffff068                __START_BSS = .
                0x1ffff068                __bss_start__ = .
 *(.bss)
 .bss           0x1ffff068       0x1c c:/freescale/kds_v3/toolchain/bin/../lib/gcc/arm-none-eabi/4.8.4/armv6-m/crtbegin.o
 *(.bss*)
 .bss.timer_val
                0x1ffff084        0x4 ./Sources/timer.o
                0x1ffff084                timer_val
 .bss.__malloc_sbrk_start
                0x1ffff088        0x4 c:/freescale/kds_v3/toolchain/bin/../lib/gcc/arm-none-eabi/4.8.4/../../../../arm-none-eabi/lib/armv6-m\libg_s.a(lib_a-nano-mallocr.o)
                0x1ffff088                __malloc_sbrk_start
 .bss.__malloc_free_list
                0x1ffff08c        0x4 c:/freescale/kds_v3/toolchain/bin/../lib/gcc/arm-none-eabi/4.8.4/../../../../arm-none-eabi/lib/armv6-m\libg_s.a(lib_a-nano-mallocr.o)
                0x1ffff08c                __malloc_free_list
 .bss.heap_end.4246
                0x1ffff090        0x4 c:/freescale/kds_v3/toolchain/bin/../lib/gcc/arm-none-eabi/4.8.4/../../../../arm-none-eabi/lib/armv6-m\libnosys.a(sbrk.o)
 *(COMMON)
 COMMON         0x1ffff094       0x28 ./Sources/LED.o
                0x1ffff094                rx_buff
                0x1ffff0a8                tx_buff
 COMMON         0x1ffff0bc        0x1 ./Sources/Messege.o
                0x1ffff0bc                unused
 *fill*         0x1ffff0bd        0x3 
 COMMON         0x1ffff0c0        0x5 ./Sources/main.o
                0x1ffff0c0                msg
 *fill*         0x1ffff0c5        0x3 
 COMMON         0x1ffff0c8        0x4 c:/freescale/kds_v3/toolchain/bin/../lib/gcc/arm-none-eabi/4.8.4/../../../../arm-none-eabi/lib/armv6-m\libg_s.a(lib_a-reent.o)
                0x1ffff0c8                errno
                0x1ffff0cc                . = ALIGN (0x4)
                0x1ffff0cc                __bss_end__ = .
                0x1ffff0cc                __END_BSS = .

.heap           0x1ffff0cc      0x404 load address 0x0000104c
                0x1ffff0d0                . = ALIGN (0x8)
 *fill*         0x1ffff0cc        0x4 
                0x1ffff0d0                __end__ = .
                0x1ffff0d0                PROVIDE (end, .)
                0x1ffff0d0                __HeapBase = .
                0x1ffff4d0                . = (. + HEAP_SIZE)
 *fill*         0x1ffff0d0      0x400 
                0x1ffff4d0                __HeapLimit = .

.stack          0x1ffff4d0      0x400 load address 0x00001450
                0x1ffff4d0                . = ALIGN (0x8)
                0x1ffff8d0                . = (. + STACK_SIZE)
 *fill*         0x1ffff4d0      0x400 
                0x20003000                __StackTop = (ORIGIN (m_data) + 0x4000)
                0x20002c00                __StackLimit = (__StackTop - STACK_SIZE)
                0x20003000                PROVIDE (__stack, __StackTop)

.ARM.attributes
                0x00000000       0x28
 *(.ARM.attributes)
 .ARM.attributes
                0x00000000       0x1e c:/freescale/kds_v3/toolchain/bin/../lib/gcc/arm-none-eabi/4.8.4/armv6-m/crti.o
 .ARM.attributes
                0x0000001e       0x2c c:/freescale/kds_v3/toolchain/bin/../lib/gcc/arm-none-eabi/4.8.4/armv6-m/crtbegin.o
 .ARM.attributes
                0x0000004a       0x1b c:/freescale/kds_v3/toolchain/bin/../lib/gcc/arm-none-eabi/4.8.4/../../../../arm-none-eabi/lib/armv6-m/crt0.o
 .ARM.attributes
                0x00000065       0x32 ./Sources/LED.o
 .ARM.attributes
                0x00000097       0x32 ./Sources/Messege.o
 .ARM.attributes
                0x000000c9       0x32 ./Sources/UART.o
 .ARM.attributes
                0x000000fb       0x32 ./Sources/circbuff.o
 .ARM.attributes
                0x0000012d       0x32 ./Sources/log.o
 .ARM.attributes
                0x0000015f       0x32 ./Sources/main.o
 .ARM.attributes
                0x00000191       0x32 ./Sources/timer.o
 .ARM.attributes
                0x000001c3       0x1b ./Project_Settings/Startup_Code/startup_MKL25Z4.o
 .ARM.attributes
                0x000001de       0x32 ./Project_Settings/Startup_Code/system_MKL25Z4.o
 .ARM.attributes
                0x00000210       0x2c c:/freescale/kds_v3/toolchain/bin/../lib/gcc/arm-none-eabi/4.8.4/../../../../arm-none-eabi/lib/armv6-m\libg_s.a(lib_a-exit.o)
 .ARM.attributes
                0x0000023c       0x2c c:/freescale/kds_v3/toolchain/bin/../lib/gcc/arm-none-eabi/4.8.4/../../../../arm-none-eabi/lib/armv6-m\libg_s.a(lib_a-impure.o)
 .ARM.attributes
                0x00000268       0x2c c:/freescale/kds_v3/toolchain/bin/../lib/gcc/arm-none-eabi/4.8.4/../../../../arm-none-eabi/lib/armv6-m\libg_s.a(lib_a-init.o)
 .ARM.attributes
                0x00000294       0x2c c:/freescale/kds_v3/toolchain/bin/../lib/gcc/arm-none-eabi/4.8.4/../../../../arm-none-eabi/lib/armv6-m\libg_s.a(lib_a-malloc.o)
 .ARM.attributes
                0x000002c0       0x2c c:/freescale/kds_v3/toolchain/bin/../lib/gcc/arm-none-eabi/4.8.4/../../../../arm-none-eabi/lib/armv6-m\libg_s.a(lib_a-memset.o)
 .ARM.attributes
                0x000002ec       0x2c c:/freescale/kds_v3/toolchain/bin/../lib/gcc/arm-none-eabi/4.8.4/../../../../arm-none-eabi/lib/armv6-m\libg_s.a(lib_a-nano-mallocr.o)
 .ARM.attributes
                0x00000318       0x2c c:/freescale/kds_v3/toolchain/bin/../lib/gcc/arm-none-eabi/4.8.4/../../../../arm-none-eabi/lib/armv6-m\libg_s.a(lib_a-sbrkr.o)
 .ARM.attributes
                0x00000344       0x2c c:/freescale/kds_v3/toolchain/bin/../lib/gcc/arm-none-eabi/4.8.4/../../../../arm-none-eabi/lib/armv6-m\libg_s.a(lib_a-reent.o)
 .ARM.attributes
                0x00000370       0x2c c:/freescale/kds_v3/toolchain/bin/../lib/gcc/arm-none-eabi/4.8.4/../../../../arm-none-eabi/lib/armv6-m\libnosys.a(sbrk.o)
 .ARM.attributes
                0x0000039c       0x2c c:/freescale/kds_v3/toolchain/bin/../lib/gcc/arm-none-eabi/4.8.4/../../../../arm-none-eabi/lib/armv6-m\libnosys.a(_exit.o)
 .ARM.attributes
                0x000003c8       0x2c c:/freescale/kds_v3/toolchain/bin/../lib/gcc/arm-none-eabi/4.8.4/armv6-m/crtend.o
 .ARM.attributes
                0x000003f4       0x1e c:/freescale/kds_v3/toolchain/bin/../lib/gcc/arm-none-eabi/4.8.4/armv6-m/crtn.o
                0x00000001                ASSERT ((__StackLimit >= __HeapLimit), region m_data overflowed with stack and heap)
OUTPUT(SPI_Driver.elf elf32-littlearm)

.debug_info     0x00000000     0x20c9
 .debug_info    0x00000000      0x563 ./Sources/LED.o
 .debug_info    0x00000563      0x24c ./Sources/Messege.o
 .debug_info    0x000007af      0x78c ./Sources/UART.o
 .debug_info    0x00000f3b      0x2d1 ./Sources/circbuff.o
 .debug_info    0x0000120c      0x276 ./Sources/log.o
 .debug_info    0x00001482      0x1ca ./Sources/main.o
 .debug_info    0x0000164c      0x606 ./Sources/timer.o
 .debug_info    0x00001c52       0x8a ./Project_Settings/Startup_Code/startup_MKL25Z4.o
 .debug_info    0x00001cdc      0x3ed ./Project_Settings/Startup_Code/system_MKL25Z4.o

.debug_abbrev   0x00000000      0x968
 .debug_abbrev  0x00000000      0x14f ./Sources/LED.o
 .debug_abbrev  0x0000014f       0xea ./Sources/Messege.o
 .debug_abbrev  0x00000239      0x18b ./Sources/UART.o
 .debug_abbrev  0x000003c4      0x122 ./Sources/circbuff.o
 .debug_abbrev  0x000004e6      0x108 ./Sources/log.o
 .debug_abbrev  0x000005ee       0xd4 ./Sources/main.o
 .debug_abbrev  0x000006c2      0x189 ./Sources/timer.o
 .debug_abbrev  0x0000084b       0x14 ./Project_Settings/Startup_Code/startup_MKL25Z4.o
 .debug_abbrev  0x0000085f      0x109 ./Project_Settings/Startup_Code/system_MKL25Z4.o

.debug_aranges  0x00000000      0x1c0
 .debug_aranges
                0x00000000       0x30 ./Sources/LED.o
 .debug_aranges
                0x00000030       0x28 ./Sources/Messege.o
 .debug_aranges
                0x00000058       0x38 ./Sources/UART.o
 .debug_aranges
                0x00000090       0x58 ./Sources/circbuff.o
 .debug_aranges
                0x000000e8       0x28 ./Sources/log.o
 .debug_aranges
                0x00000110       0x20 ./Sources/main.o
 .debug_aranges
                0x00000130       0x48 ./Sources/timer.o
 .debug_aranges
                0x00000178       0x20 ./Project_Settings/Startup_Code/startup_MKL25Z4.o
 .debug_aranges
                0x00000198       0x28 ./Project_Settings/Startup_Code/system_MKL25Z4.o

.debug_ranges   0x00000000      0x120
 .debug_ranges  0x00000000       0x20 ./Sources/LED.o
 .debug_ranges  0x00000020       0x18 ./Sources/Messege.o
 .debug_ranges  0x00000038       0x28 ./Sources/UART.o
 .debug_ranges  0x00000060       0x48 ./Sources/circbuff.o
 .debug_ranges  0x000000a8       0x18 ./Sources/log.o
 .debug_ranges  0x000000c0       0x10 ./Sources/main.o
 .debug_ranges  0x000000d0       0x38 ./Sources/timer.o
 .debug_ranges  0x00000108       0x18 ./Project_Settings/Startup_Code/system_MKL25Z4.o

.debug_macro    0x00000000     0xab8e
 .debug_macro   0x00000000      0x1b3 ./Sources/LED.o
 .debug_macro   0x000001b3      0x802 ./Sources/LED.o
 .debug_macro   0x000009b5       0x16 ./Sources/LED.o
 .debug_macro   0x000009cb       0x16 ./Sources/LED.o
 .debug_macro   0x000009e1       0x44 ./Sources/LED.o
 .debug_macro   0x00000a25      0x209 ./Sources/LED.o
 .debug_macro   0x00000c2e       0x3a ./Sources/LED.o
 .debug_macro   0x00000c68       0x3a ./Sources/LED.o
 .debug_macro   0x00000ca2       0x26 ./Sources/LED.o
 .debug_macro   0x00000cc8      0x306 ./Sources/LED.o
 .debug_macro   0x00000fce       0x63 ./Sources/LED.o
 .debug_macro   0x00001031     0x839f ./Sources/LED.o
 .debug_macro   0x000093d0       0x58 ./Sources/LED.o
 .debug_macro   0x00009428       0x35 ./Sources/LED.o
 .debug_macro   0x0000945d       0xa3 ./Sources/LED.o
 .debug_macro   0x00009500      0x166 ./Sources/LED.o
 .debug_macro   0x00009666       0x52 ./Sources/LED.o
 .debug_macro   0x000096b8       0x16 ./Sources/LED.o
 .debug_macro   0x000096ce       0x43 ./Sources/LED.o
 .debug_macro   0x00009711      0x180 ./Sources/LED.o
 .debug_macro   0x00009891      0x2a6 ./Sources/LED.o
 .debug_macro   0x00009b37       0x10 ./Sources/LED.o
 .debug_macro   0x00009b47       0x35 ./Sources/LED.o
 .debug_macro   0x00009b7c       0x1c ./Sources/LED.o
 .debug_macro   0x00009b98       0x10 ./Sources/LED.o
 .debug_macro   0x00009ba8       0x10 ./Sources/LED.o
 .debug_macro   0x00009bb8       0x22 ./Sources/LED.o
 .debug_macro   0x00009bda       0xbd ./Sources/LED.o
 .debug_macro   0x00009c97       0x16 ./Sources/LED.o
 .debug_macro   0x00009cad      0x14a ./Sources/LED.o
 .debug_macro   0x00009df7      0x1c3 ./Sources/Messege.o
 .debug_macro   0x00009fba      0x19d ./Sources/UART.o
 .debug_macro   0x0000a157      0x133 ./Sources/circbuff.o
 .debug_macro   0x0000a28a       0x16 ./Sources/circbuff.o
 .debug_macro   0x0000a2a0       0x97 ./Sources/circbuff.o
 .debug_macro   0x0000a337       0xef ./Sources/circbuff.o
 .debug_macro   0x0000a426       0x4a ./Sources/circbuff.o
 .debug_macro   0x0000a470       0x16 ./Sources/circbuff.o
 .debug_macro   0x0000a486       0x22 ./Sources/circbuff.o
 .debug_macro   0x0000a4a8      0x20f ./Sources/circbuff.o
 .debug_macro   0x0000a6b7      0x1a7 ./Sources/log.o
 .debug_macro   0x0000a85e      0x1d9 ./Sources/main.o
 .debug_macro   0x0000aa37       0x8d ./Sources/timer.o
 .debug_macro   0x0000aac4       0x7e ./Project_Settings/Startup_Code/system_MKL25Z4.o
 .debug_macro   0x0000ab42       0x4c ./Project_Settings/Startup_Code/system_MKL25Z4.o

.debug_line     0x00000000     0x1892
 .debug_line    0x00000000      0x363 ./Sources/LED.o
 .debug_line    0x00000363      0x373 ./Sources/Messege.o
 .debug_line    0x000006d6      0x366 ./Sources/UART.o
 .debug_line    0x00000a3c      0x2ed ./Sources/circbuff.o
 .debug_line    0x00000d29      0x334 ./Sources/log.o
 .debug_line    0x0000105d      0x334 ./Sources/main.o
 .debug_line    0x00001391      0x246 ./Sources/timer.o
 .debug_line    0x000015d7       0x7b ./Project_Settings/Startup_Code/startup_MKL25Z4.o
 .debug_line    0x00001652      0x240 ./Project_Settings/Startup_Code/system_MKL25Z4.o

.debug_str      0x00000000    0x34f76
 .debug_str     0x00000000    0x349d6 ./Sources/LED.o
                              0x34e7a (size before relaxing)
 .debug_str     0x000349d6       0x91 ./Sources/Messege.o
                              0x34d7d (size before relaxing)
 .debug_str     0x00034a67      0x280 ./Sources/UART.o
                              0x35068 (size before relaxing)
 .debug_str     0x00034ce7      0x120 ./Sources/circbuff.o
                               0x4ec2 (size before relaxing)
 .debug_str     0x00034e07       0x31 ./Sources/log.o
                              0x34cf6 (size before relaxing)
 .debug_str     0x00034e38       0x20 ./Sources/main.o
                              0x34d3c (size before relaxing)
 .debug_str     0x00034e58       0x92 ./Sources/timer.o
                              0x3212a (size before relaxing)
 .debug_str     0x00034eea       0x8c ./Project_Settings/Startup_Code/system_MKL25Z4.o
                              0x31f08 (size before relaxing)

.comment        0x00000000       0x70
 .comment       0x00000000       0x70 ./Sources/LED.o
                                 0x71 (size before relaxing)
 .comment       0x00000000       0x71 ./Sources/Messege.o
 .comment       0x00000000       0x71 ./Sources/UART.o
 .comment       0x00000000       0x71 ./Sources/circbuff.o
 .comment       0x00000000       0x71 ./Sources/log.o
 .comment       0x00000000       0x71 ./Sources/main.o
 .comment       0x00000000       0x71 ./Sources/timer.o
 .comment       0x00000000       0x71 ./Project_Settings/Startup_Code/system_MKL25Z4.o

.debug_frame    0x00000000      0x574
 .debug_frame   0x00000000       0x68 ./Sources/LED.o
 .debug_frame   0x00000068       0x50 ./Sources/Messege.o
 .debug_frame   0x000000b8       0x90 ./Sources/UART.o
 .debug_frame   0x00000148      0x110 ./Sources/circbuff.o
 .debug_frame   0x00000258       0x50 ./Sources/log.o
 .debug_frame   0x000002a8       0x2c ./Sources/main.o
 .debug_frame   0x000002d4       0xc0 ./Sources/timer.o
 .debug_frame   0x00000394       0x4c ./Project_Settings/Startup_Code/system_MKL25Z4.o
 .debug_frame   0x000003e0       0x28 c:/freescale/kds_v3/toolchain/bin/../lib/gcc/arm-none-eabi/4.8.4/../../../../arm-none-eabi/lib/armv6-m\libg_s.a(lib_a-exit.o)
 .debug_frame   0x00000408       0x2c c:/freescale/kds_v3/toolchain/bin/../lib/gcc/arm-none-eabi/4.8.4/../../../../arm-none-eabi/lib/armv6-m\libg_s.a(lib_a-init.o)
 .debug_frame   0x00000434       0x40 c:/freescale/kds_v3/toolchain/bin/../lib/gcc/arm-none-eabi/4.8.4/../../../../arm-none-eabi/lib/armv6-m\libg_s.a(lib_a-malloc.o)
 .debug_frame   0x00000474       0x20 c:/freescale/kds_v3/toolchain/bin/../lib/gcc/arm-none-eabi/4.8.4/../../../../arm-none-eabi/lib/armv6-m\libg_s.a(lib_a-memset.o)
 .debug_frame   0x00000494       0x2c c:/freescale/kds_v3/toolchain/bin/../lib/gcc/arm-none-eabi/4.8.4/../../../../arm-none-eabi/lib/armv6-m\libg_s.a(lib_a-nano-mallocr.o)
 .debug_frame   0x000004c0       0x2c c:/freescale/kds_v3/toolchain/bin/../lib/gcc/arm-none-eabi/4.8.4/../../../../arm-none-eabi/lib/armv6-m\libg_s.a(lib_a-sbrkr.o)
 .debug_frame   0x000004ec       0x48 c:/freescale/kds_v3/toolchain/bin/../lib/gcc/arm-none-eabi/4.8.4/../../../../arm-none-eabi/lib/armv6-m\libg_s.a(lib_a-reent.o)
 .debug_frame   0x00000534       0x20 c:/freescale/kds_v3/toolchain/bin/../lib/gcc/arm-none-eabi/4.8.4/../../../../arm-none-eabi/lib/armv6-m\libnosys.a(sbrk.o)
 .debug_frame   0x00000554       0x20 c:/freescale/kds_v3/toolchain/bin/../lib/gcc/arm-none-eabi/4.8.4/../../../../arm-none-eabi/lib/armv6-m\libnosys.a(_exit.o)
